Archive member included to satisfy reference by file (symbol)

C:/devkitPro/libogc/lib/wii\libogc.a(console.o)
                              main.o (CON_Init)
C:/devkitPro/libogc/lib/wii\libogc.a(video.o)
                              C:/devkitPro/libogc/lib/wii\libogc.a(console.o) (VIDEO_GetCurrentFramebuffer)
C:/devkitPro/libogc/lib/wii\libogc.a(pad.o)
                              main.o (PAD_Init)
C:/devkitPro/libogc/lib/wii\libogc.a(system.o)
                              c:/devkitpro/devkitppc/bin/../lib/gcc/powerpc-eabi/12.1.0/../../../../powerpc-eabi/lib/crtmain.o (SYS_PreMain)
C:/devkitPro/libogc/lib/wii\libogc.a(cond.o)
                              C:/devkitPro/libogc/lib/wii\libogc.a(system.o) (__lwp_cond_init)
C:/devkitPro/libogc/lib/wii\libogc.a(decrementer.o)
                              C:/devkitPro/libogc/lib/wii\libogc.a(system.o) (__decrementer_init)
C:/devkitPro/libogc/lib/wii\libogc.a(message.o)
                              C:/devkitPro/libogc/lib/wii\libogc.a(system.o) (__lwp_mqbox_init)
C:/devkitPro/libogc/lib/wii\libogc.a(si.o)
                              C:/devkitPro/libogc/lib/wii\libogc.a(pad.o) (SI_Busy)
C:/devkitPro/libogc/lib/wii\libogc.a(ipc.o)
                              C:/devkitPro/libogc/lib/wii\libogc.a(system.o) (__IPC_ClntInit)
C:/devkitPro/libogc/lib/wii\libogc.a(ogc_crt0.o)
                              (_start)
C:/devkitPro/libogc/lib/wii\libogc.a(console_font_8x16.o)
                              C:/devkitPro/libogc/lib/wii\libogc.a(console.o) (console_font_8x16)
C:/devkitPro/libogc/lib/wii\libogc.a(timesupp.o)
                              C:/devkitPro/libogc/lib/wii\libogc.a(system.o) (gettick)
C:/devkitPro/libogc/lib/wii\libogc.a(lock_supp.o)
                              C:/devkitPro/libogc/lib/wii\libogc.a(system.o) (__libogc_lock_init)
C:/devkitPro/libogc/lib/wii\libogc.a(newlibc.o)
                              C:/devkitPro/libogc/lib/wii\libogc.a(system.o) (__libc_init)
C:/devkitPro/libogc/lib/wii\libogc.a(usbgecko.o)
                              C:/devkitPro/libogc/lib/wii\libogc.a(console.o) (usb_isgeckoalive)
C:/devkitPro/libogc/lib/wii\libogc.a(sbrk.o)
                              C:/devkitPro/libogc/lib/wii\libogc.a(system.o) (__libogc_sbrk_r)
C:/devkitPro/libogc/lib/wii\libogc.a(malloc_lock.o)
                              C:/devkitPro/libogc/lib/wii\libogc.a(system.o) (__memlock_init)
C:/devkitPro/libogc/lib/wii\libogc.a(stm.o)
                              C:/devkitPro/libogc/lib/wii\libogc.a(system.o) (STM_RegisterEventHandler)
C:/devkitPro/libogc/lib/wii\libogc.a(ios.o)
                              C:/devkitPro/libogc/lib/wii\libogc.a(system.o) (__IOS_InitializeSubsystems)
C:/devkitPro/libogc/lib/wii\libogc.a(es.o)
                              C:/devkitPro/libogc/lib/wii\libogc.a(ios.o) (__ES_Init)
C:/devkitPro/libogc/lib/wii\libogc.a(network_common.o)
                              main.o (inet_addr)
C:/devkitPro/libogc/lib/wii\libogc.a(argv.o)
                              C:/devkitPro/libogc/lib/wii\libogc.a(ogc_crt0.o) (__CheckARGV)
C:/devkitPro/libogc/lib/wii\libogc.a(network_wii.o)
                              main.o (net_init)
C:/devkitPro/libogc/lib/wii\libogc.a(conf.o)
                              C:/devkitPro/libogc/lib/wii\libogc.a(system.o) (CONF_Init)
C:/devkitPro/libogc/lib/wii\libogc.a(wiilaunch.o)
                              C:/devkitPro/libogc/lib/wii\libogc.a(system.o) (WII_Initialize)
C:/devkitPro/libogc/lib/wii\libogc.a(lwp_priority.o)
                              C:/devkitPro/libogc/lib/wii\libogc.a(system.o) (__lwp_priority_init)
C:/devkitPro/libogc/lib/wii\libogc.a(lwp_threadq.o)
                              C:/devkitPro/libogc/lib/wii\libogc.a(cond.o) (__lwp_threadqueue_init)
C:/devkitPro/libogc/lib/wii\libogc.a(lwp_threads.o)
                              C:/devkitPro/libogc/lib/wii\libogc.a(cond.o) (_thr_executing)
C:/devkitPro/libogc/lib/wii\libogc.a(lwp_messages.o)
                              C:/devkitPro/libogc/lib/wii\libogc.a(message.o) (__lwpmq_initialize)
C:/devkitPro/libogc/lib/wii\libogc.a(lwp.o)
                              C:/devkitPro/libogc/lib/wii\libogc.a(system.o) (__lwp_sysinit)
C:/devkitPro/libogc/lib/wii\libogc.a(lwp_handler.o)
                              C:/devkitPro/libogc/lib/wii\libogc.a(lwp_threads.o) (_cpu_context_save_fp)
C:/devkitPro/libogc/lib/wii\libogc.a(lwp_stack.o)
                              C:/devkitPro/libogc/lib/wii\libogc.a(lwp_threads.o) (__lwp_stack_allocate)
C:/devkitPro/libogc/lib/wii\libogc.a(lwp_mutex.o)
                              C:/devkitPro/libogc/lib/wii\libogc.a(malloc_lock.o) (__lwp_mutex_initialize)
C:/devkitPro/libogc/lib/wii\libogc.a(lwp_watchdog.o)
                              C:/devkitPro/libogc/lib/wii\libogc.a(system.o) (__lwp_watchdog_init)
C:/devkitPro/libogc/lib/wii\libogc.a(lwp_wkspace.o)
                              C:/devkitPro/libogc/lib/wii\libogc.a(system.o) (__lwp_wkspace_init)
C:/devkitPro/libogc/lib/wii\libogc.a(lwp_objmgr.o)
[...]
Memory Configuration

Name             Origin             Length             Attributes
*default*        0x0000000000000000 0xffffffffffffffff

Linker script and memory map

                0x0000000000003400                . = 0x3400

.stub
 *(.stub)
                0x0000000080004000                . = 0x80004000

.init           0x0000000080004000      0x194
 *crt0.o(*.init)
 .init          0x0000000080004000      0x170 C:/devkitPro/libogc/lib/wii\libogc.a(ogc_crt0.o)
                0x0000000080004000                _start
                0x0000000080004140                _memset
 *(.init)
 .init          0x0000000080004170        0xc c:/devkitpro/devkitppc/bin/../lib/gcc/powerpc-eabi/12.1.0/ecrti.o
                0x0000000080004170                __init
 .init          0x000000008000417c        0x4 c:/devkitpro/devkitppc/bin/../lib/gcc/powerpc-eabi/12.1.0/crtbegin.o
 .init          0x0000000080004180        0x4 c:/devkitpro/devkitppc/bin/../lib/gcc/powerpc-eabi/12.1.0/crtend.o
 .init          0x0000000080004184       0x10 c:/devkitpro/devkitppc/bin/../lib/gcc/powerpc-eabi/12.1.0/ecrtn.o

.rela.dyn       0x0000000080004194        0x0
 .rela.iplt     0x0000000080004194        0x0 c:/devkitpro/devkitppc/bin/../lib/gcc/powerpc-eabi/12.1.0/crtbegin.o

.plt
 *(.plt)

.interp
 *(.interp)

.hash
 *(.hash)

.dynsym
 *(.dynsym)

.dynstr
 *(.dynstr)

.gnu.version
 *(.gnu.version)

.gnu.version_d
 *(.gnu.version_d)

.gnu.version_r
 *(.gnu.version_r)

.rel.init
 *(.rel.init)

.rela.init      0x0000000080004194        0x0
 *(.rela.init)
 .rela.init     0x0000000080004194        0x0 c:/devkitpro/devkitppc/bin/../lib/gcc/powerpc-eabi/12.1.0/crtbegin.o

.rel.text
 *(.rel.text .rel.text.* .rel.gnu.linkonce.t.*)

.rela.text      0x0000000080004194        0x0
 *(.rela.text .rela.text.* .rela.gnu.linkonce.t.*)
 .rela.text.__do_global_dtors_aux
                0x0000000080004194        0x0 c:/devkitpro/devkitppc/bin/../lib/gcc/powerpc-eabi/12.1.0/crtbegin.o
 .rela.text.frame_dummy
                0x0000000080004194        0x0 c:/devkitpro/devkitppc/bin/../lib/gcc/powerpc-eabi/12.1.0/crtbegin.o
 .rela.text.SYS_Init
                0x0000000080004194        0x0 c:/devkitpro/devkitppc/bin/../lib/gcc/powerpc-eabi/12.1.0/crtbegin.o
 .rela.text.__CheckARGV
                0x0000000080004194        0x0 c:/devkitpro/devkitppc/bin/../lib/gcc/powerpc-eabi/12.1.0/crtbegin.o
 .rela.text.__lwp_sysinit
                0x0000000080004194        0x0 c:/devkitpro/devkitppc/bin/../lib/gcc/powerpc-eabi/12.1.0/crtbegin.o
 .rela.text.__irq_init
                0x0000000080004194        0x0 c:/devkitpro/devkitppc/bin/../lib/gcc/powerpc-eabi/12.1.0/crtbegin.o
 .rela.text.__GX_InitRevBits
                0x0000000080004194        0x0 c:/devkitpro/devkitppc/bin/../lib/gcc/powerpc-eabi/12.1.0/crtbegin.o
 .rela.text.GX_AbortFrame
                0x0000000080004194        0x0 c:/devkitpro/devkitppc/bin/../lib/gcc/powerpc-eabi/12.1.0/crtbegin.o

.rel.fini
 *(.rel.fini)

.rela.fini
 *(.rela.fini)

.rel.rodata
 *(.rel.rodata .rel.rodata.* .rel.gnu.linkonce.r.*)

.rela.rodata
 *(.rela.rodata .rela.rodata.* .rela.gnu.linkonce.r.*)

.rel.data
 *(.rel.data .rel.data.* .rel.gnu.linkonce.d.*)

.rela.data
 *(.rela.data .rela.data.* .rela.gnu.linkonce.d.*)

.rel.tdata
 *(.rel.tdata .rel.tdata.* .rel.gnu.linkonce.td.*)

.rela.tdata
 *(.rela.tdata .rela.tdata.* .rela.gnu.linkonce.td.*)

.rel.tbss
 *(.rel.tbss .rel.tbss.* .rel.gnu.linkonce.tb.*)

.rela.tbss
 *(.rela.tbss .rela.tbss.* .rela.gnu.linkonce.tb.*)

.rel.ctors
 *(.rel.ctors)

.rela.ctors
 *(.rela.ctors)

.rel.dtors
 *(.rel.dtors)

.rela.dtors
 *(.rela.dtors)

.rel.got
 *(.rel.got)

.rela.got
 *(.rela.got)

.rela.got1
 *(.rela.got1)

.rela.got2
 *(.rela.got2)

.rel.sdata
 *(.rel.sdata .rel.sdata.* .rel.gnu.linkonce.s.*)

.rela.sdata
 *(.rela.sdata .rela.sdata.* .rela.gnu.linkonce.s.*)

.rel.sbss
 *(.rel.sbss .rel.sbss.* .rel.gnu.linkonce.sb.*)

.rela.sbss
 *(.rela.sbss .rela.sbss.* .rel.gnu.linkonce.sb.*)

.rel.sdata2
 *(.rel.sdata2 .rel.sdata2.* .rel.gnu.linkonce.s2.*)

.rela.sdata2    0x0000000080004194        0x0
 *(.rela.sdata2 .rela.sdata2.* .rela.gnu.linkonce.s2.*)
 .rela.sdata2.__sys_inIPL
                0x0000000080004194        0x0 c:/devkitpro/devkitppc/bin/../lib/gcc/powerpc-eabi/12.1.0/crtbegin.o

.rel.sbss2
 *(.rel.sbss2 .rel.sbss2.* .rel.gnu.linkonce.sb2.*)

.rela.sbss2
 *(.rela.sbss2 .rela.sbss2.* .rela.gnu.linkonce.sb2.*)

.rel.bss
 *(.rel.bss .rel.bss.* .rel.gnu.linkonce.b.*)

.rela.bss
 *(.rela.bss .rela.bss.* .rela.gnu.linkonce.b.*)

.rel.plt
 *(.rel.plt)

.rela.plt
 *(.rela.plt)

.text           0x00000000800041a0    0x23c60
 *(.text)
 .text          0x00000000800041a0      0x44c C:/devkitPro/libogc/lib/wii\libogc.a(lwp_handler.o)
                0x00000000800041a0                _cpu_context_save_fp
                0x00000000800042e0                _cpu_context_restore_fp
                0x0000000080004420                _cpu_context_switch
                0x0000000080004500                _cpu_context_save
                0x0000000080004580                _cpu_context_restore
 .text          0x00000000800045ec      0x1ac C:/devkitPro/libogc/lib/wii\libogc.a(irq_handler.o)
                0x00000000800045ec                irq_exceptionhandler
 .text          0x0000000080004798      0x4f4 C:/devkitPro/libogc/lib/wii\libogc.a(cache_asm.o)
                0x0000000080004798                DCFlashInvalidate
                0x00000000800047ac                DCEnable
                0x00000000800047c0                DCDisable
                0x00000000800047d4                DCFreeze
                0x00000000800047e8                DCUnfreeze
                0x00000000800047fc                DCTouchLoad
                0x0000000080004804                DCBlockZero
                0x000000008000480c                DCBlockStore
                0x0000000080004814                DCBlockFlush
                0x000000008000481c                DCBlockInvalidate
                0x0000000080004824                DCInvalidateRange
                0x0000000080004854                DCFlushRange
                0x0000000080004888                DCStoreRange
                0x00000000800048bc                DCFlushRangeNoSync
                0x00000000800048ec                DCStoreRangeNoSync
                0x000000008000491c                DCZeroRange
                0x000000008000494c                DCTouchRange
                0x000000008000497c                ICInvalidateRange
                0x00000000800049b4                ICFlashInvalidate
                0x00000000800049c8                ICEnable
                0x00000000800049dc                ICDisable
                0x00000000800049f0                ICFreeze
                0x0000000080004a04                ICUnfreeze
                0x0000000080004a18                ICBlockInvalidate
                0x0000000080004a20                ICSync
                0x0000000080004a28                L2Init
                0x0000000080004a70                L2Enable
                0x0000000080004a8c                L2Disable
                0x0000000080004aa4                L2GlobalInvalidate
                0x0000000080004afc                __LCEnable
                0x0000000080004bc8                LCDisable
                0x0000000080004bf0                LCAllocOneTag
                0x0000000080004c04                LCAllocTags
                0x0000000080004c44                LCLoadBlocks
                0x0000000080004c68                LCStoreBlocks
 .text          0x0000000080004c8c      0x4a0 C:/devkitPro/libogc/lib/wii\libogc.a(system_asm.o)
                0x0000000080004c8c                __realmode
                0x0000000080004ca4                __configBATS
                0x0000000080004dd4                __InitFPRS
                0x0000000080004f00                __InitPS
                0x0000000080004f5c                __InitCache
                0x0000000080004fb4                __InitSystem
                0x000000008000503c                __flush_cache
                0x0000000080005070                __reset
                0x00000000800050e0                __InitBATS
                0x00000000800050fc                SYS_SwitchFiber
 .text          0x000000008000512c      0x1ac C:/devkitPro/libogc/lib/wii\libogc.a(decrementer_handler.o)
                0x000000008000512c                dec_exceptionhandler
 .text          0x00000000800052d8      0x35c C:/devkitPro/libogc/lib/wii\libogc.a(exception_handler.o)
                0x00000000800052d8                exceptionhandler_start
                0x0000000080005354                exceptionhandler_patch
                0x0000000080005388                exceptionhandler_end
                0x000000008000538c                default_exceptionhandler
                0x00000000800054bc                fpu_exceptionhandler
                0x0000000080005604                systemcallhandler_start
                0x0000000080005630                systemcallhandler_end
 .text          0x0000000080005634       0x48 c:/devkitpro/devkitppc/bin/../lib/gcc/powerpc-eabi/12.1.0\libgcc.a(eabi.o)
                0x0000000080005634                __eabi
 *(.text.*)
 .text.__do_global_dtors_aux
                0x000000008000567c       0xcc c:/devkitpro/devkitppc/bin/../lib/gcc/powerpc-eabi/12.1.0/crtbegin.o
 .text.frame_dummy
                0x0000000080005748       0x24 c:/devkitpro/devkitppc/bin/../lib/gcc/powerpc-eabi/12.1.0/crtbegin.o
 .text.__crtmain
                0x000000008000576c       0x44 c:/devkitpro/devkitppc/bin/../lib/gcc/powerpc-eabi/12.1.0/../../../../powerpc-eabi/lib/crtmain.o
                0x0000000080005770                __crtmain
 .text.Initialise
                0x00000000800057b0       0xb8 main.o
                0x00000000800057b0                Initialise
 .text.startup.main
                0x0000000080005868      0x328 main.o
                0x0000000080005868                main
 .text.__console_clear_line
                0x0000000080005b90       0x98 C:/devkitPro/libogc/lib/wii\libogc.a(console.o)
 .text.__console_clear
                0x0000000080005c28       0xbc C:/devkitPro/libogc/lib/wii\libogc.a(console.o)
 .text.__console_write
                0x0000000080005ce4      0x7e0 C:/devkitPro/libogc/lib/wii\libogc.a(console.o)
                0x0000000080005ce4                __console_write
 .text.__console_init
                0x00000000800064c4      0x108 C:/devkitPro/libogc/lib/wii\libogc.a(console.o)
                0x00000000800064c4                __console_init
 .text.CON_Init
                0x00000000800065cc        0x4 C:/devkitPro/libogc/lib/wii\libogc.a(console.o)
                0x00000000800065cc                CON_Init
 .text.CON_EnableGecko
                0x00000000800065d0      0x100 C:/devkitPro/libogc/lib/wii\libogc.a(console.o)
                0x00000000800065d0                CON_EnableGecko
 .text.__VISendI2CData.constprop.0.isra.0
                0x00000000800066d0      0x450 C:/devkitPro/libogc/lib/wii\libogc.a(video.o)
 .text.__setFbbRegs.constprop.0
                0x0000000080006b20      0x188 C:/devkitPro/libogc/lib/wii\libogc.a(video.o)
 .text.__VISetYUVSEL
                0x0000000080006ca8       0xc0 C:/devkitPro/libogc/lib/wii\libogc.a(video.o)
 .text.VIDEO_Configure
                0x0000000080006d68      0x5e0 C:/devkitPro/libogc/lib/wii\libogc.a(video.o)
                0x0000000080006d68                VIDEO_Configure
 .text.VIDEO_WaitVSync
                0x0000000080007348       0x74 C:/devkitPro/libogc/lib/wii\libogc.a(video.o)
                0x0000000080007348                VIDEO_WaitVSync
 .text.VIDEO_SetFramebuffer
                0x00000000800073bc      0x108 C:/devkitPro/libogc/lib/wii\libogc.a(video.o)
                0x00000000800073bc                VIDEO_SetFramebuffer
 .text.VIDEO_SetNextFramebuffer
                0x00000000800074c4       0x70 C:/devkitPro/libogc/lib/wii\libogc.a(video.o)
                0x00000000800074c4                VIDEO_SetNextFramebuffer
 .text.VIDEO_Flush
                0x0000000080007534       0xf4 C:/devkitPro/libogc/lib/wii\libogc.a(video.o)
                0x0000000080007534                VIDEO_Flush
 .text.VIDEO_SetBlack
                0x0000000080007628      0x144 C:/devkitPro/libogc/lib/wii\libogc.a(video.o)
                0x0000000080007628                VIDEO_SetBlack
 .text.VIDEO_GetCurrentTvMode
                0x000000008000776c       0x7c C:/devkitPro/libogc/lib/wii\libogc.a(video.o)
                0x000000008000776c                VIDEO_GetCurrentTvMode
 .text.__VIRetraceHandler
                0x00000000800077e8      0x294 C:/devkitPro/libogc/lib/wii\libogc.a(video.o)
 .text.__VISetupEncoder
                0x0000000080007a7c      0x2cc C:/devkitPro/libogc/lib/wii\libogc.a(video.o)
 .text.VIDEO_Init
                0x0000000080007d48      0x4cc C:/devkitPro/libogc/lib/wii\libogc.a(video.o)
                0x0000000080007d48                VIDEO_Init
 .text.VIDEO_GetPreferredMode
                0x0000000080008214      0x100 C:/devkitPro/libogc/lib/wii\libogc.a(video.o)
                0x0000000080008214                VIDEO_GetPreferredMode
 .text.VIDEO_GetCurrentLine
                0x0000000080008314       0x9c C:/devkitPro/libogc/lib/wii\libogc.a(video.o)
                0x0000000080008314                VIDEO_GetCurrentLine
 .text.VIDEO_GetFrameBufferSize
                0x00000000800083b0       0x30 C:/devkitPro/libogc/lib/wii\libogc.a(video.o)
                0x00000000800083b0                VIDEO_GetFrameBufferSize
 .text.SPEC1_MakeStatus
                0x00000000800083e0       0xf8 C:/devkitPro/libogc/lib/wii\libogc.a(pad.o)
 .text.__pad_samplinghandler
                0x00000000800084d8        0x4 C:/devkitPro/libogc/lib/wii\libogc.a(pad.o)
 .text.__pad_doreset
                0x00000000800084dc       0x50 C:/devkitPro/libogc/lib/wii\libogc.a(pad.o)
 .text.__pad_updateorigin
                0x000000008000852c       0xa0 C:/devkitPro/libogc/lib/wii\libogc.a(pad.o)
 .text.__pad_disable
                0x00000000800085cc       0xbc C:/devkitPro/libogc/lib/wii\libogc.a(pad.o)
 .text.__pad_receivecheckcallback
                0x0000000080008688       0x84 C:/devkitPro/libogc/lib/wii\libogc.a(pad.o)
 .text.__pad_typeandstatuscallback
                0x000000008000870c      0x1ac C:/devkitPro/libogc/lib/wii\libogc.a(pad.o)
 .text.__pad_originupdatecallback
                0x00000000800088b8       0x74 C:/devkitPro/libogc/lib/wii\libogc.a(pad.o)
 .text.__pad_onreset
                0x000000008000892c      0x108 C:/devkitPro/libogc/lib/wii\libogc.a(pad.o)
 .text.SPEC2_MakeStatus
                0x0000000080008a34      0x1f8 C:/devkitPro/libogc/lib/wii\libogc.a(pad.o)
 .text.__pad_origincallback
                0x0000000080008c2c       0x74 C:/devkitPro/libogc/lib/wii\libogc.a(pad.o)
 .text.__pad_probecallback
                0x0000000080008ca0       0x88 C:/devkitPro/libogc/lib/wii\libogc.a(pad.o)
 .text.__PADDisableRecalibration
                0x0000000080008d28       0x58 C:/devkitPro/libogc/lib/wii\libogc.a(pad.o)
                0x0000000080008d28                __PADDisableRecalibration
 .text.PAD_Reset
                0x0000000080008d80       0xf0 C:/devkitPro/libogc/lib/wii\libogc.a(pad.o)
                0x0000000080008d80                PAD_Reset
 .text.PAD_Read
                0x0000000080008e70      0x2f8 C:/devkitPro/libogc/lib/wii\libogc.a(pad.o)
                0x0000000080008e70                PAD_Read
 .text.PAD_Init
                0x0000000080009168       0xf8 C:/devkitPro/libogc/lib/wii\libogc.a(pad.o)
                0x0000000080009168                PAD_Init
 .text.PAD_ScanPads
                0x0000000080009260      0x154 C:/devkitPro/libogc/lib/wii\libogc.a(pad.o)
                0x0000000080009260                PAD_ScanPads
 .text.PAD_ButtonsDown
                0x00000000800093b4       0x38 C:/devkitPro/libogc/lib/wii\libogc.a(pad.o)
                0x00000000800093b4                PAD_ButtonsDown
 .text.PAD_ButtonsHeld
                0x00000000800093ec       0x38 C:/devkitPro/libogc/lib/wii\libogc.a(pad.o)
                0x00000000800093ec                PAD_ButtonsHeld
 .text.PAD_SubStickX
                0x0000000080009424       0x3c C:/devkitPro/libogc/lib/wii\libogc.a(pad.o)
                0x0000000080009424                PAD_SubStickX
 .text.PAD_SubStickY
                0x0000000080009460       0x3c C:/devkitPro/libogc/lib/wii\libogc.a(pad.o)
                0x0000000080009460                PAD_SubStickY
 .text.PAD_StickX
                0x000000008000949c       0x3c C:/devkitPro/libogc/lib/wii\libogc.a(pad.o)
                0x000000008000949c                PAD_StickX
 .text.PAD_StickY
                0x00000000800094d8       0x3c C:/devkitPro/libogc/lib/wii\libogc.a(pad.o)
                0x00000000800094d8                PAD_StickY
 .text.__call_resetfuncs
                0x0000000080009514       0xbc C:/devkitPro/libogc/lib/wii\libogc.a(system.o)
 .text.__MEMInterruptHandler
                0x00000000800095d0       0x14 C:/devkitPro/libogc/lib/wii\libogc.a(system.o)
 .text.__RSWDefaultHandler
                0x00000000800095e4        0x4 C:/devkitPro/libogc/lib/wii\libogc.a(system.o)
 .text.__POWDefaultHandler
                0x00000000800095e8        0x4 C:/devkitPro/libogc/lib/wii\libogc.a(system.o)
 .text.__STMEventHandler
                0x00000000800095ec      0x104 C:/devkitPro/libogc/lib/wii\libogc.a(system.o)
 .text.__sys_alarmhandler
                0x00000000800096f0       0xfc C:/devkitPro/libogc/lib/wii\libogc.a(system.o)
 .text.__getrtc
                0x00000000800097ec      0x150 C:/devkitPro/libogc/lib/wii\libogc.a(system.o)
 .text.__sram_write
                0x000000008000993c      0x148 C:/devkitPro/libogc/lib/wii\libogc.a(system.o)
 .text.__sram_writecallback
                0x0000000080009a84       0x54 C:/devkitPro/libogc/lib/wii\libogc.a(system.o)
 .text.__mem_onreset
                0x0000000080009ad8       0x48 C:/devkitPro/libogc/lib/wii\libogc.a(system.o)
 .text.__unlocksram
                0x0000000080009b20      0x180 C:/devkitPro/libogc/lib/wii\libogc.a(system.o)
 .text.__syscall_sbrk_r
                0x0000000080009ca0        0x4 C:/devkitPro/libogc/lib/wii\libogc.a(system.o)
                0x0000000080009ca0                __syscall_sbrk_r
 .text.__syscall_lock_init
                0x0000000080009ca4        0x4 C:/devkitPro/libogc/lib/wii\libogc.a(system.o)
                0x0000000080009ca4                __syscall_lock_init
 .text.__syscall_lock_close
                0x0000000080009ca8        0x4 C:/devkitPro/libogc/lib/wii\libogc.a(system.o)
                0x0000000080009ca8                __syscall_lock_close
 .text.__syscall_lock_release
                0x0000000080009cac        0x4 C:/devkitPro/libogc/lib/wii\libogc.a(system.o)
                0x0000000080009cac                __syscall_lock_release
 .text.__syscall_lock_acquire
                0x0000000080009cb0        0x4 C:/devkitPro/libogc/lib/wii\libogc.a(system.o)
                0x0000000080009cb0                __syscall_lock_acquire
 .text.__syscall_malloc_lock
                0x0000000080009cb4        0x4 C:/devkitPro/libogc/lib/wii\libogc.a(system.o)
                0x0000000080009cb4                __syscall_malloc_lock
 .text.__syscall_malloc_unlock
                0x0000000080009cb8        0x4 C:/devkitPro/libogc/lib/wii\libogc.a(system.o)
                0x0000000080009cb8                __syscall_malloc_unlock
 .text.__SYS_GetRTC
                0x0000000080009cbc       0xd4 C:/devkitPro/libogc/lib/wii\libogc.a(system.o)
                0x0000000080009cbc                __SYS_GetRTC
 .text.__SYS_GetIPCBufferLo
                0x0000000080009d90        0x8 C:/devkitPro/libogc/lib/wii\libogc.a(system.o)
                0x0000000080009d90                __SYS_GetIPCBufferLo
 .text.__SYS_GetIPCBufferHi
                0x0000000080009d98        0x8 C:/devkitPro/libogc/lib/wii\libogc.a(system.o)
                0x0000000080009d98                __SYS_GetIPCBufferHi
 .text.__SYS_PreInit
                0x0000000080009da0        0x4 C:/devkitPro/libogc/lib/wii\libogc.a(system.o)
                0x0000000080009da0                __SYS_PreInit
 .text.SYS_PreMain
                0x0000000080009da4       0xc8 C:/devkitPro/libogc/lib/wii\libogc.a(system.o)
                0x0000000080009da4                SYS_PreMain
 .text.SYS_ResetButtonDown
                0x0000000080009e6c       0x18 C:/devkitPro/libogc/lib/wii\libogc.a(system.o)
                0x0000000080009e6c                SYS_ResetButtonDown
 .text.SYS_ResetSystem
                0x0000000080009e84      0x210 C:/devkitPro/libogc/lib/wii\libogc.a(system.o)
                0x0000000080009e84                SYS_ResetSystem
 .text.__reload
                0x000000008000a094       0x80 C:/devkitPro/libogc/lib/wii\libogc.a(system.o)
                0x000000008000a094                __reload
 .text.__syscall_exit
                0x000000008000a114       0x88 C:/devkitPro/libogc/lib/wii\libogc.a(system.o)
                0x000000008000a114                __syscall_exit
 .text.SYS_RegisterResetFunc
                0x000000008000a19c       0x78 C:/devkitPro/libogc/lib/wii\libogc.a(system.o)
                0x000000008000a19c                SYS_RegisterResetFunc
 .text.SYS_SetArena1Lo
                0x000000008000a214       0x38 C:/devkitPro/libogc/lib/wii\libogc.a(system.o)
                0x000000008000a214                SYS_SetArena1Lo
 .text.SYS_GetArena1Lo
                0x000000008000a24c       0x38 C:/devkitPro/libogc/lib/wii\libogc.a(system.o)
                0x000000008000a24c                SYS_GetArena1Lo
 .text.SYS_GetArena1Hi
                0x000000008000a284       0x38 C:/devkitPro/libogc/lib/wii\libogc.a(system.o)
                0x000000008000a284                SYS_GetArena1Hi
 .text.SYS_SetArena2Lo
                0x000000008000a2bc       0x38 C:/devkitPro/libogc/lib/wii\libogc.a(system.o)
                0x000000008000a2bc                SYS_SetArena2Lo
 .text.SYS_GetArena2Lo
                0x000000008000a2f4       0x38 C:/devkitPro/libogc/lib/wii\libogc.a(system.o)
                0x000000008000a2f4                SYS_GetArena2Lo
 .text.SYS_SetArena2Hi
                0x000000008000a32c       0x38 C:/devkitPro/libogc/lib/wii\libogc.a(system.o)
                0x000000008000a32c                SYS_SetArena2Hi
 .text.SYS_GetArena2Hi
                0x000000008000a364       0x38 C:/devkitPro/libogc/lib/wii\libogc.a(system.o)
                0x000000008000a364                SYS_GetArena2Hi
 .text.SYS_AllocateFramebuffer
                0x000000008000a39c       0x28 C:/devkitPro/libogc/lib/wii\libogc.a(system.o)
                0x000000008000a39c                SYS_AllocateFramebuffer
 .text.SYS_CreateAlarm
                0x000000008000a3c4      0x10c C:/devkitPro/libogc/lib/wii\libogc.a(system.o)
                0x000000008000a3c4                SYS_CreateAlarm
 .text.SYS_SetAlarm
                0x000000008000a4d0      0x1b0 C:/devkitPro/libogc/lib/wii\libogc.a(system.o)
                0x000000008000a4d0                SYS_SetAlarm
 .text.SYS_RemoveAlarm
                0x000000008000a680      0x12c C:/devkitPro/libogc/lib/wii\libogc.a(system.o)
                0x000000008000a680                SYS_RemoveAlarm
 .text.SYS_CancelAlarm
                0x000000008000a7ac       0xdc C:/devkitPro/libogc/lib/wii\libogc.a(system.o)
                0x000000008000a7ac                SYS_CancelAlarm
 .text.SYS_GetWirelessID
                0x000000008000a888       0x90 C:/devkitPro/libogc/lib/wii\libogc.a(system.o)
                0x000000008000a888                SYS_GetWirelessID
 .text.SYS_SetWirelessID
                0x000000008000a918       0x90 C:/devkitPro/libogc/lib/wii\libogc.a(system.o)
                0x000000008000a918                SYS_SetWirelessID
 .text.SYS_SetGBSMode
                0x000000008000a9a8       0xa8 C:/devkitPro/libogc/lib/wii\libogc.a(system.o)
                0x000000008000a9a8                SYS_SetGBSMode
 .text.__sram_init
                0x000000008000aa50      0x1b4 C:/devkitPro/libogc/lib/wii\libogc.a(system.o)
                0x000000008000aa50                __sram_init
 .text.SYS_Init
                0x000000008000ac04      0x5f0 C:/devkitPro/libogc/lib/wii\libogc.a(system.o)
                0x000000008000ac04                SYS_Init
 .text.SYS_GetHollywoodRevision
                0x000000008000b1f4       0x3c C:/devkitPro/libogc/lib/wii\libogc.a(system.o)
                0x000000008000b1f4                SYS_GetHollywoodRevision
 .text.__lwp_cond_init
                0x000000008000b230       0x14 C:/devkitPro/libogc/lib/wii\libogc.a(cond.o)
                0x000000008000b230                __lwp_cond_init
 .text.__decrementer_init
                0x000000008000b244        0x4 C:/devkitPro/libogc/lib/wii\libogc.a(decrementer.o)
                0x000000008000b244                __decrementer_init
 .text.c_decrementer_handler
                0x000000008000b248        0xc C:/devkitPro/libogc/lib/wii\libogc.a(decrementer.o)
                0x000000008000b248                c_decrementer_handler
 .text.__lwp_mqbox_init
                0x000000008000b254       0x14 C:/devkitPro/libogc/lib/wii\libogc.a(message.o)
                0x000000008000b254                __lwp_mqbox_init
 .text.__si_transfer
                0x000000008000b268      0x188 C:/devkitPro/libogc/lib/wii\libogc.a(si.o)
 .text.__si_alarmhandler
                0x000000008000b3f0       0xe0 C:/devkitPro/libogc/lib/wii\libogc.a(si.o)
 .text.__si_completetransfer
                0x000000008000b4d0      0x1f4 C:/devkitPro/libogc/lib/wii\libogc.a(si.o)
 .text.__si_transfernext
                0x000000008000b6c4       0xe8 C:/devkitPro/libogc/lib/wii\libogc.a(si.o)
 .text.SI_Busy  0x000000008000b7ac       0x18 C:/devkitPro/libogc/lib/wii\libogc.a(si.o)
                0x000000008000b7ac                SI_Busy
 .text.SI_IsChanBusy
                0x000000008000b7c4       0x38 C:/devkitPro/libogc/lib/wii\libogc.a(si.o)
                0x000000008000b7c4                SI_IsChanBusy
 .text.SI_SetXY
                0x000000008000b7fc       0x64 C:/devkitPro/libogc/lib/wii\libogc.a(si.o)
                0x000000008000b7fc                SI_SetXY
 .text.SI_EnablePolling
                0x000000008000b860       0x80 C:/devkitPro/libogc/lib/wii\libogc.a(si.o)
                0x000000008000b860                SI_EnablePolling
 .text.SI_DisablePolling
                0x000000008000b8e0       0x58 C:/devkitPro/libogc/lib/wii\libogc.a(si.o)
                0x000000008000b8e0                SI_DisablePolling
 .text.SI_SetSamplingRate
                0x000000008000b938       0xdc C:/devkitPro/libogc/lib/wii\libogc.a(si.o)
                0x000000008000b938                SI_SetSamplingRate
 .text.SI_RefreshSamplingRate
                0x000000008000ba14        0x8 C:/devkitPro/libogc/lib/wii\libogc.a(si.o)
                0x000000008000ba14                SI_RefreshSamplingRate
 .text.SI_GetStatus
                0x000000008000ba1c       0x78 C:/devkitPro/libogc/lib/wii\libogc.a(si.o)
                0x000000008000ba1c                SI_GetStatus
 .text.SI_GetResponseRaw
                0x000000008000ba94       0xe8 C:/devkitPro/libogc/lib/wii\libogc.a(si.o)
                0x000000008000ba94                SI_GetResponseRaw
 .text.SI_GetResponse
                0x000000008000bb7c       0xb8 C:/devkitPro/libogc/lib/wii\libogc.a(si.o)
                0x000000008000bb7c                SI_GetResponse
 .text.SI_SetCommand
                0x000000008000bc34       0x10 C:/devkitPro/libogc/lib/wii\libogc.a(si.o)
                0x000000008000bc34                SI_SetCommand
 .text.SI_Transfer
                0x000000008000bc44      0x250 C:/devkitPro/libogc/lib/wii\libogc.a(si.o)
                0x000000008000bc44                SI_Transfer
 .text.__si_gettypecallback
                0x000000008000be94      0x2c0 C:/devkitPro/libogc/lib/wii\libogc.a(si.o)
 .text.__si_interrupthandler
                0x000000008000c154      0x26c C:/devkitPro/libogc/lib/wii\libogc.a(si.o)
 .text.SI_GetType
                0x000000008000c3c0      0x1f4 C:/devkitPro/libogc/lib/wii\libogc.a(si.o)
                0x000000008000c3c0                SI_GetType
 .text.SI_GetTypeAsync
                0x000000008000c5b4      0x138 C:/devkitPro/libogc/lib/wii\libogc.a(si.o)
                0x000000008000c5b4                SI_GetTypeAsync
 .text.SI_EnablePollingInterrupt
                0x000000008000c6ec       0x80 C:/devkitPro/libogc/lib/wii\libogc.a(si.o)
                0x000000008000c6ec                SI_EnablePollingInterrupt
 .text.SI_UnregisterPollingHandler
                0x000000008000c76c       0xdc C:/devkitPro/libogc/lib/wii\libogc.a(si.o)
                0x000000008000c76c                SI_UnregisterPollingHandler
 .text.__si_init
                0x000000008000c848       0xe8 C:/devkitPro/libogc/lib/wii\libogc.a(si.o)
                0x000000008000c848                __si_init
 .text.__ipc_sendrequest
                0x000000008000c930      0x104 C:/devkitPro/libogc/lib/wii\libogc.a(ipc.o)
 .text.__ipc_syncrequest
                0x000000008000ca34       0xe4 C:/devkitPro/libogc/lib/wii\libogc.a(ipc.o)
 .text.__ioctlvfmtCB
                0x000000008000cb18      0x158 C:/devkitPro/libogc/lib/wii\libogc.a(ipc.o)
 .text.__ios_ioctlvformat_parse
                0x000000008000cc70      0x80c C:/devkitPro/libogc/lib/wii\libogc.a(ipc.o)
 .text.__ipc_asyncrequest
                0x000000008000d47c      0x144 C:/devkitPro/libogc/lib/wii\libogc.a(ipc.o)
 .text.__ipc_interrupthandler
                0x000000008000d5c0      0x33c C:/devkitPro/libogc/lib/wii\libogc.a(ipc.o)
 .text.iosCreateHeap
                0x000000008000d8fc      0x12c C:/devkitPro/libogc/lib/wii\libogc.a(ipc.o)
                0x000000008000d8fc                iosCreateHeap
 .text.__IPC_ClntInit
                0x000000008000da28       0xc8 C:/devkitPro/libogc/lib/wii\libogc.a(ipc.o)
                0x000000008000da28                __IPC_ClntInit
 .text.IOS_Open
                0x000000008000daf0      0x110 C:/devkitPro/libogc/lib/wii\libogc.a(ipc.o)
                0x000000008000daf0                IOS_Open
 .text.IOS_OpenAsync
                0x000000008000dc00       0xf4 C:/devkitPro/libogc/lib/wii\libogc.a(ipc.o)
                0x000000008000dc00                IOS_OpenAsync
 .text.IOS_Close
                0x000000008000dcf4       0xf0 C:/devkitPro/libogc/lib/wii\libogc.a(ipc.o)
                0x000000008000dcf4                IOS_Close
 .text.IOS_CloseAsync
                0x000000008000dde4       0xb4 C:/devkitPro/libogc/lib/wii\libogc.a(ipc.o)
                0x000000008000dde4                IOS_CloseAsync
 .text.IOS_Read
                0x000000008000de98      0x10c C:/devkitPro/libogc/lib/wii\libogc.a(ipc.o)
                0x000000008000de98                IOS_Read
 .text.IOS_Write
                0x000000008000dfa4      0x10c C:/devkitPro/libogc/lib/wii\libogc.a(ipc.o)
                0x000000008000dfa4                IOS_Write
 .text.IOS_Ioctl
                0x000000008000e0b0      0x158 C:/devkitPro/libogc/lib/wii\libogc.a(ipc.o)
                0x000000008000e0b0                IOS_Ioctl
 .text.IOS_IoctlAsync
                0x000000008000e208      0x148 C:/devkitPro/libogc/lib/wii\libogc.a(ipc.o)
                0x000000008000e208                IOS_IoctlAsync
 .text.IOS_Ioctlv
                0x000000008000e350      0x1f0 C:/devkitPro/libogc/lib/wii\libogc.a(ipc.o)
                0x000000008000e350                IOS_Ioctlv
 .text.IOS_IoctlvAsync
                0x000000008000e540      0x1d4 C:/devkitPro/libogc/lib/wii\libogc.a(ipc.o)
                0x000000008000e540                IOS_IoctlvAsync
 .text.IOS_IoctlvFormat
                0x000000008000e714      0x16c C:/devkitPro/libogc/lib/wii\libogc.a(ipc.o)
                0x000000008000e714                IOS_IoctlvFormat
 .text.IOS_IoctlvFormatAsync
                0x000000008000e880      0x194 C:/devkitPro/libogc/lib/wii\libogc.a(ipc.o)
                0x000000008000e880                IOS_IoctlvFormatAsync
 .text.IOS_IoctlvReboot
                0x000000008000ea14      0x1f4 C:/devkitPro/libogc/lib/wii\libogc.a(ipc.o)
                0x000000008000ea14                IOS_IoctlvReboot
 .text.gettick  0x000000008000ec08        0x8 C:/devkitPro/libogc/lib/wii\libogc.a(timesupp.o)
                0x000000008000ec08                gettick
 .text.gettime  0x000000008000ec10       0x18 C:/devkitPro/libogc/lib/wii\libogc.a(timesupp.o)
                0x000000008000ec10                gettime
 .text.settime  0x000000008000ec28       0x14 C:/devkitPro/libogc/lib/wii\libogc.a(timesupp.o)
                0x000000008000ec28                settime
 .text.diff_usec
                0x000000008000ec3c       0x88 C:/devkitPro/libogc/lib/wii\libogc.a(timesupp.o)
                0x000000008000ec3c                diff_usec
 .text.__timesystem_init
                0x000000008000ecc4       0x1c C:/devkitPro/libogc/lib/wii\libogc.a(timesupp.o)
                0x000000008000ecc4                __timesystem_init
 .text.udelay   0x000000008000ece0       0xac C:/devkitPro/libogc/lib/wii\libogc.a(timesupp.o)
                0x000000008000ece0                udelay
 .text.__libogc_lock_init
                0x000000008000ed8c       0x78 C:/devkitPro/libogc/lib/wii\libogc.a(lock_supp.o)
                0x000000008000ed8c                __libogc_lock_init
 .text.__libogc_lock_close
                0x000000008000ee04       0x64 C:/devkitPro/libogc/lib/wii\libogc.a(lock_supp.o)
                0x000000008000ee04                __libogc_lock_close
 .text.__libogc_lock_acquire
                0x000000008000ee68       0x20 C:/devkitPro/libogc/lib/wii\libogc.a(lock_supp.o)
                0x000000008000ee68                __libogc_lock_acquire
 .text.__libogc_lock_release
                0x000000008000ee88       0x20 C:/devkitPro/libogc/lib/wii\libogc.a(lock_supp.o)
                0x000000008000ee88                __libogc_lock_release
 .text.__libc_create_hook
                0x000000008000eea8       0x10 C:/devkitPro/libogc/lib/wii\libogc.a(newlibc.o)
                0x000000008000eea8                __libc_create_hook
 .text.__libc_start_hook
                0x000000008000eeb8       0x9c C:/devkitPro/libogc/lib/wii\libogc.a(newlibc.o)
                0x000000008000eeb8                __libc_start_hook
 .text.__libc_delete_hook
                0x000000008000ef54      0x108 C:/devkitPro/libogc/lib/wii\libogc.a(newlibc.o)
                0x000000008000ef54                __libc_delete_hook
 .text.__libc_init
                0x000000008000f05c       0xb0 C:/devkitPro/libogc/lib/wii\libogc.a(newlibc.o)
                0x000000008000f05c                __libc_init
 .text.__usbgecko_exi_unlock
                0x000000008000f10c       0x34 C:/devkitPro/libogc/lib/wii\libogc.a(usbgecko.o)
 .text.usb_isgeckoalive
                0x000000008000f140      0x1c0 C:/devkitPro/libogc/lib/wii\libogc.a(usbgecko.o)
                0x000000008000f140                usb_isgeckoalive
 .text.usb_sendbuffer_ex
                0x000000008000f300      0x214 C:/devkitPro/libogc/lib/wii\libogc.a(usbgecko.o)
                0x000000008000f300                usb_sendbuffer_ex
 .text.usb_sendbuffer
                0x000000008000f514        0x8 C:/devkitPro/libogc/lib/wii\libogc.a(usbgecko.o)
                0x000000008000f514                usb_sendbuffer
 .text.usb_sendbuffer_safe_ex
                0x000000008000f51c      0x29c C:/devkitPro/libogc/lib/wii\libogc.a(usbgecko.o)
                0x000000008000f51c                usb_sendbuffer_safe_ex
 .text.usb_sendbuffer_safe
                0x000000008000f7b8        0x8 C:/devkitPro/libogc/lib/wii\libogc.a(usbgecko.o)
                0x000000008000f7b8                usb_sendbuffer_safe
 .text.__libogc_sbrk_r
                0x000000008000f7c0      0x29c C:/devkitPro/libogc/lib/wii\libogc.a(sbrk.o)
                0x000000008000f7c0                __libogc_sbrk_r
 .text.__memlock_init
                0x000000008000fa5c       0x7c C:/devkitPro/libogc/lib/wii\libogc.a(malloc_lock.o)
                0x000000008000fa5c                __memlock_init
 .text.__libogc_malloc_lock
                0x000000008000fad8      0x1fc C:/devkitPro/libogc/lib/wii\libogc.a(malloc_lock.o)
                0x000000008000fad8                __libogc_malloc_lock
 .text.__libogc_malloc_unlock
                0x000000008000fcd4       0x64 C:/devkitPro/libogc/lib/wii\libogc.a(malloc_lock.o)
                0x000000008000fcd4                __libogc_malloc_unlock
 .text.__STM_SetEventHook
                0x000000008000fd38       0xb0 C:/devkitPro/libogc/lib/wii\libogc.a(stm.o)
                0x000000008000fd38                __STM_SetEventHook
 .text.__STM_Init
                0x000000008000fde8       0x94 C:/devkitPro/libogc/lib/wii\libogc.a(stm.o)
                0x000000008000fde8                __STM_Init
 .text.__STMEventHandler
                0x000000008000fe7c       0x60 C:/devkitPro/libogc/lib/wii\libogc.a(stm.o)
 .text.__STM_ReleaseEventHook
                0x000000008000fedc       0x80 C:/devkitPro/libogc/lib/wii\libogc.a(stm.o)
                0x000000008000fedc                __STM_ReleaseEventHook
 .text.__STM_Close
                0x000000008000ff5c       0xac C:/devkitPro/libogc/lib/wii\libogc.a(stm.o)
                0x000000008000ff5c                __STM_Close
 .text.STM_RegisterEventHandler
                0x0000000080010008       0x10 C:/devkitPro/libogc/lib/wii\libogc.a(stm.o)
                0x0000000080010008                STM_RegisterEventHandler
 .text.STM_ShutdownToStandby
                0x0000000080010018       0x50 C:/devkitPro/libogc/lib/wii\libogc.a(stm.o)
                0x0000000080010018                STM_ShutdownToStandby
 .text.STM_ShutdownToIdle
                0x0000000080010068       0x70 C:/devkitPro/libogc/lib/wii\libogc.a(stm.o)
                0x0000000080010068                STM_ShutdownToIdle
 .text.STM_SetLedMode
                0x00000000800100d8       0x40 C:/devkitPro/libogc/lib/wii\libogc.a(stm.o)
                0x00000000800100d8                STM_SetLedMode
 .text.STM_RebootSystem
                0x0000000080010118       0x50 C:/devkitPro/libogc/lib/wii\libogc.a(stm.o)
                0x0000000080010118                STM_RebootSystem
 .text.__IOS_InitializeSubsystems
                0x0000000080010168       0x44 C:/devkitPro/libogc/lib/wii\libogc.a(ios.o)
                0x0000000080010168                __IOS_InitializeSubsystems
 .text.__IOS_ShutdownSubsystems
                0x00000000800101ac       0x44 C:/devkitPro/libogc/lib/wii\libogc.a(ios.o)
                0x00000000800101ac                __IOS_ShutdownSubsystems
 .text.__IOS_LoadStartupIOS
                0x00000000800101f0        0x8 C:/devkitPro/libogc/lib/wii\libogc.a(ios.o)
                0x00000000800101f0                __IOS_LoadStartupIOS
 .text._ES_fstat_r
                0x00000000800101f8      0x11c C:/devkitPro/libogc/lib/wii\libogc.a(es.o)
 .text._ES_seek_r
                0x0000000080010314       0xe4 C:/devkitPro/libogc/lib/wii\libogc.a(es.o)
 .text._ES_close_r
                0x00000000800103f8       0xac C:/devkitPro/libogc/lib/wii\libogc.a(es.o)
 .text.__ES_Init
                0x00000000800104a4       0x78 C:/devkitPro/libogc/lib/wii\libogc.a(es.o)
                0x00000000800104a4                __ES_Init
 .text.__ES_Close
                0x000000008001051c       0x54 C:/devkitPro/libogc/lib/wii\libogc.a(es.o)
                0x000000008001051c                __ES_Close
 .text.ES_GetTitleID
                0x0000000080010570       0x94 C:/devkitPro/libogc/lib/wii\libogc.a(es.o)
                0x0000000080010570                ES_GetTitleID
 .text.ES_LaunchTitle
                0x0000000080010604       0xa4 C:/devkitPro/libogc/lib/wii\libogc.a(es.o)
                0x0000000080010604                ES_LaunchTitle
 .text.ES_GetNumTicketViews
                0x00000000800106a8       0x98 C:/devkitPro/libogc/lib/wii\libogc.a(es.o)
                0x00000000800106a8                ES_GetNumTicketViews
 .text.ES_GetTicketViews
                0x0000000080010740       0x8c C:/devkitPro/libogc/lib/wii\libogc.a(es.o)
                0x0000000080010740                ES_GetTicketViews
 .text.ES_GetStoredTMD
                0x00000000800107cc       0x90 C:/devkitPro/libogc/lib/wii\libogc.a(es.o)
                0x00000000800107cc                ES_GetStoredTMD
 .text._ES_decodepath
                0x000000008001085c      0x384 C:/devkitPro/libogc/lib/wii\libogc.a(es.o)
 .text._ES_stat_r
                0x0000000080010be0       0xe8 C:/devkitPro/libogc/lib/wii\libogc.a(es.o)
 .text._ES_open_r
                0x0000000080010cc8      0x1c8 C:/devkitPro/libogc/lib/wii\libogc.a(es.o)
 .text.ES_ReadContent
                0x0000000080010e90       0x6c C:/devkitPro/libogc/lib/wii\libogc.a(es.o)
                0x0000000080010e90                ES_ReadContent
 .text._ES_read_r
                0x0000000080010efc      0x1bc C:/devkitPro/libogc/lib/wii\libogc.a(es.o)
 .text.inet_aton
                0x00000000800110b8      0x20c C:/devkitPro/libogc/lib/wii\libogc.a(network_common.o)
                0x00000000800110b8                inet_aton
 .text.inet_addr
                0x00000000800112c4       0x44 C:/devkitPro/libogc/lib/wii\libogc.a(network_common.o)
                0x00000000800112c4                inet_addr
 .text.__CheckARGV
                0x0000000080011308       0x80 C:/devkitPro/libogc/lib/wii\libogc.a(argv.o)
                0x0000000080011308                __CheckARGV
 .text.NetCreateHeap
                0x0000000080011388      0x108 C:/devkitPro/libogc/lib/wii\libogc.a(network_wii.o)
 .text.net_init_callback
                0x0000000080011490        0xc C:/devkitPro/libogc/lib/wii\libogc.a(network_wii.o)
 .text.net_init_chain
                0x000000008001149c      0x6ec C:/devkitPro/libogc/lib/wii\libogc.a(network_wii.o)
 .text.net_init_alarm
                0x0000000080011b88        0x8 C:/devkitPro/libogc/lib/wii\libogc.a(network_wii.o)
 .text.net_init_async
                0x0000000080011b90      0x13c C:/devkitPro/libogc/lib/wii\libogc.a(network_wii.o)
                0x0000000080011b90                net_init_async
 .text.net_init
                0x0000000080011ccc       0x5c C:/devkitPro/libogc/lib/wii\libogc.a(network_wii.o)
                0x0000000080011ccc                net_init
 .text.net_wc24cleanup
                0x0000000080011d28       0x64 C:/devkitPro/libogc/lib/wii\libogc.a(network_wii.o)
                0x0000000080011d28                net_wc24cleanup
 .text.net_connect
                0x0000000080011d8c      0x130 C:/devkitPro/libogc/lib/wii\libogc.a(network_wii.o)
                0x0000000080011d8c                net_connect
 .text.net_sendto
                0x0000000080011ebc      0x1fc C:/devkitPro/libogc/lib/wii\libogc.a(network_wii.o)
                0x0000000080011ebc                net_sendto
 .text.net_send
                0x00000000800120b8        0xc C:/devkitPro/libogc/lib/wii\libogc.a(network_wii.o)
                0x00000000800120b8                net_send
 .text.net_close
                0x00000000800120c4       0xa0 C:/devkitPro/libogc/lib/wii\libogc.a(network_wii.o)
                0x00000000800120c4                net_close
 .text.net_setsockopt
                0x0000000080012164      0x14c C:/devkitPro/libogc/lib/wii\libogc.a(network_wii.o)
                0x0000000080012164                net_setsockopt
 .text.net_socket
                0x00000000800122b0      0x100 C:/devkitPro/libogc/lib/wii\libogc.a(network_wii.o)
                0x00000000800122b0                net_socket
 .text.CONF_Init
                0x00000000800123b0      0x168 C:/devkitPro/libogc/lib/wii\libogc.a(conf.o)
                0x00000000800123b0                CONF_Init
 .text.__CONF_GetTxt
                0x0000000080012518      0x208 C:/devkitPro/libogc/lib/wii\libogc.a(conf.o)
                0x0000000080012518                __CONF_GetTxt
 .text.__CONF_Find
                0x0000000080012720       0xfc C:/devkitPro/libogc/lib/wii\libogc.a(conf.o)
                0x0000000080012720                __CONF_Find
 .text.CONF_GetLength
                0x000000008001281c      0x12c C:/devkitPro/libogc/lib/wii\libogc.a(conf.o)
                0x000000008001281c                CONF_GetLength
 .text.CONF_Get
                0x0000000080012948      0x13c C:/devkitPro/libogc/lib/wii\libogc.a(conf.o)
                0x0000000080012948                CONF_Get
 .text.CONF_GetShutdownMode
                0x0000000080012a84       0x54 C:/devkitPro/libogc/lib/wii\libogc.a(conf.o)
                0x0000000080012a84                CONF_GetShutdownMode
 .text.CONF_GetIdleLedMode
                0x0000000080012ad8       0x54 C:/devkitPro/libogc/lib/wii\libogc.a(conf.o)
                0x0000000080012ad8                CONF_GetIdleLedMode
 .text.CONF_GetProgressiveScan
                0x0000000080012b2c       0x54 C:/devkitPro/libogc/lib/wii\libogc.a(conf.o)
                0x0000000080012b2c                CONF_GetProgressiveScan
 .text.CONF_GetEuRGB60
                0x0000000080012b80       0x54 C:/devkitPro/libogc/lib/wii\libogc.a(conf.o)
                0x0000000080012b80                CONF_GetEuRGB60
 .text.CONF_GetCounterBias
                0x0000000080012bd4       0x4c C:/devkitPro/libogc/lib/wii\libogc.a(conf.o)
                0x0000000080012bd4                CONF_GetCounterBias
 .text.CONF_GetDisplayOffsetH
                0x0000000080012c20       0x4c C:/devkitPro/libogc/lib/wii\libogc.a(conf.o)
                0x0000000080012c20                CONF_GetDisplayOffsetH
 .text.CONF_GetVideo
                0x0000000080012c6c       0x8c C:/devkitPro/libogc/lib/wii\libogc.a(conf.o)
                0x0000000080012c6c                CONF_GetVideo
 .text.__WII_WriteNANDBootInfo
                0x0000000080012cf8       0xc4 C:/devkitPro/libogc/lib/wii\libogc.a(wiilaunch.o)
 .text.__WII_WriteStateFlags
                0x0000000080012dbc       0x9c C:/devkitPro/libogc/lib/wii\libogc.a(wiilaunch.o)
 .text.WII_Initialize
                0x0000000080012e58      0x188 C:/devkitPro/libogc/lib/wii\libogc.a(wiilaunch.o)
                0x0000000080012e58                WII_Initialize
 .text.WII_LaunchTitle
                0x0000000080012fe0      0x1ac C:/devkitPro/libogc/lib/wii\libogc.a(wiilaunch.o)
                0x0000000080012fe0                WII_LaunchTitle
 .text.WII_ReturnToMenu
                0x000000008001318c       0x58 C:/devkitPro/libogc/lib/wii\libogc.a(wiilaunch.o)
                0x000000008001318c                WII_ReturnToMenu
 .text.__lwp_priority_init
                0x00000000800131e4       0x1c C:/devkitPro/libogc/lib/wii\libogc.a(lwp_priority.o)
                0x00000000800131e4                __lwp_priority_init
 .text.__lwp_threadqueue_enqueuefifo
                0x0000000080013200      0x144 C:/devkitPro/libogc/lib/wii\libogc.a(lwp_threadq.o)
                0x0000000080013200                __lwp_threadqueue_enqueuefifo
 .text.__lwp_threadqueue_dequeuefifo
                0x0000000080013344      0x14c C:/devkitPro/libogc/lib/wii\libogc.a(lwp_threadq.o)
                0x0000000080013344                __lwp_threadqueue_dequeuefifo
 .text.__lwp_threadqueue_enqueuepriority
                0x0000000080013490      0x334 C:/devkitPro/libogc/lib/wii\libogc.a(lwp_threadq.o)
                0x0000000080013490                __lwp_threadqueue_enqueuepriority
 .text.__lwp_threadqueue_dequeuepriority
                0x00000000800137c4      0x1d8 C:/devkitPro/libogc/lib/wii\libogc.a(lwp_threadq.o)
                0x00000000800137c4                __lwp_threadqueue_dequeuepriority
 .text.__lwp_threadqueue_init
                0x000000008001399c       0x64 C:/devkitPro/libogc/lib/wii\libogc.a(lwp_threadq.o)
                0x000000008001399c                __lwp_threadqueue_init
 .text.__lwp_threadqueue_enqueue
                0x0000000080013a00      0x138 C:/devkitPro/libogc/lib/wii\libogc.a(lwp_threadq.o)
                0x0000000080013a00                __lwp_threadqueue_enqueue
 .text.__lwp_threadqueue_dequeue
                0x0000000080013b38       0x24 C:/devkitPro/libogc/lib/wii\libogc.a(lwp_threadq.o)
                0x0000000080013b38                __lwp_threadqueue_dequeue
 .text.__lwp_threadqueue_flush
                0x0000000080013b5c       0x68 C:/devkitPro/libogc/lib/wii\libogc.a(lwp_threadq.o)
                0x0000000080013b5c                __lwp_threadqueue_flush
 .text.__lwp_threadqueue_extractfifo
                0x0000000080013bc4       0xe8 C:/devkitPro/libogc/lib/wii\libogc.a(lwp_threadq.o)
                0x0000000080013bc4                __lwp_threadqueue_extractfifo
 .text.__lwp_threadqueue_extractpriority
                0x0000000080013cac      0x148 C:/devkitPro/libogc/lib/wii\libogc.a(lwp_threadq.o)
                0x0000000080013cac                __lwp_threadqueue_extractpriority
 .text.__lwp_threadqueue_timeout
                0x0000000080013df4       0xd0 C:/devkitPro/libogc/lib/wii\libogc.a(lwp_threadq.o)
 .text.__lwp_threadqueue_extractproxy
                0x0000000080013ec4       0x88 C:/devkitPro/libogc/lib/wii\libogc.a(lwp_threadq.o)
                0x0000000080013ec4                __lwp_threadqueue_extractproxy
 .text.__lwp_isr_in_progress
                0x0000000080013f4c        0x8 C:/devkitPro/libogc/lib/wii\libogc.a(lwp_threads.o)
                0x0000000080013f4c                __lwp_isr_in_progress
 .text.__thread_dispatch_fp
                0x0000000080013f54       0x88 C:/devkitPro/libogc/lib/wii\libogc.a(lwp_threads.o)
                0x0000000080013f54                __thread_dispatch_fp
 .text.__thread_dispatch
                0x0000000080013fdc      0x110 C:/devkitPro/libogc/lib/wii\libogc.a(lwp_threads.o)
                0x0000000080013fdc                __thread_dispatch
 .text.__lwp_thread_resettimeslice
                0x00000000800140ec       0xb4 C:/devkitPro/libogc/lib/wii\libogc.a(lwp_threads.o)
                0x00000000800140ec                __lwp_thread_resettimeslice
 .text.__lwp_thread_tickle_timeslice
                0x00000000800141a0       0xc8 C:/devkitPro/libogc/lib/wii\libogc.a(lwp_threads.o)
                0x00000000800141a0                __lwp_thread_tickle_timeslice
 .text.__lwp_thread_setstate
                0x0000000080014268      0x16c C:/devkitPro/libogc/lib/wii\libogc.a(lwp_threads.o)
                0x0000000080014268                __lwp_thread_setstate
 .text.__lwp_thread_clearstate
                0x00000000800143d4       0xe4 C:/devkitPro/libogc/lib/wii\libogc.a(lwp_threads.o)
                0x00000000800143d4                __lwp_thread_clearstate
 .text.__lwp_thread_settransient
                0x00000000800144b8       0xb4 C:/devkitPro/libogc/lib/wii\libogc.a(lwp_threads.o)
                0x00000000800144b8                __lwp_thread_settransient
 .text.__lwp_thread_changepriority
                0x000000008001456c      0x1f8 C:/devkitPro/libogc/lib/wii\libogc.a(lwp_threads.o)
                0x000000008001456c                __lwp_thread_changepriority
 .text.__lwp_thread_ready
                0x0000000080014764       0xf0 C:/devkitPro/libogc/lib/wii\libogc.a(lwp_threads.o)
                0x0000000080014764                __lwp_thread_ready
 .text.__lwp_thread_init
                0x0000000080014854      0x168 C:/devkitPro/libogc/lib/wii\libogc.a(lwp_threads.o)
                0x0000000080014854                __lwp_thread_init
 .text.__lwp_thread_close
                0x00000000800149bc      0x138 C:/devkitPro/libogc/lib/wii\libogc.a(lwp_threads.o)
                0x00000000800149bc                __lwp_thread_close
 .text.__lwp_thread_handler
                0x0000000080014af4       0xd8 C:/devkitPro/libogc/lib/wii\libogc.a(lwp_threads.o)
 .text.__lwp_thread_closeall
                0x0000000080014bcc       0xb4 C:/devkitPro/libogc/lib/wii\libogc.a(lwp_threads.o)
                0x0000000080014bcc                __lwp_thread_closeall
 .text.__lwp_thread_start
                0x0000000080014c80       0xe8 C:/devkitPro/libogc/lib/wii\libogc.a(lwp_threads.o)
                0x0000000080014c80                __lwp_thread_start
 .text.__lwp_thread_startmultitasking
                0x0000000080014d68       0xac C:/devkitPro/libogc/lib/wii\libogc.a(lwp_threads.o)
                0x0000000080014d68                __lwp_thread_startmultitasking
 .text.__lwp_thread_stopmultitasking
                0x0000000080014e14       0x58 C:/devkitPro/libogc/lib/wii\libogc.a(lwp_threads.o)
                0x0000000080014e14                __lwp_thread_stopmultitasking
 .text.__lwp_thread_coreinit
                0x0000000080014e6c       0xc8 C:/devkitPro/libogc/lib/wii\libogc.a(lwp_threads.o)
                0x0000000080014e6c                __lwp_thread_coreinit
 .text.idle_func
                0x0000000080014f34        0x4 C:/devkitPro/libogc/lib/wii\libogc.a(lwp.o)
 .text.__lwp_sysinit
                0x0000000080014f38      0x114 C:/devkitPro/libogc/lib/wii\libogc.a(lwp.o)
                0x0000000080014f38                __lwp_sysinit
 .text.LWP_InitQueue
                0x000000008001504c      0x148 C:/devkitPro/libogc/lib/wii\libogc.a(lwp.o)
                0x000000008001504c                LWP_InitQueue
 .text.LWP_CloseQueue
                0x0000000080015194       0xd4 C:/devkitPro/libogc/lib/wii\libogc.a(lwp.o)
                0x0000000080015194                LWP_CloseQueue
 .text.LWP_ThreadSleep
                0x0000000080015268      0x110 C:/devkitPro/libogc/lib/wii\libogc.a(lwp.o)
                0x0000000080015268                LWP_ThreadSleep
 .text.LWP_ThreadBroadcast
                0x0000000080015378       0x88 C:/devkitPro/libogc/lib/wii\libogc.a(lwp.o)
                0x0000000080015378                LWP_ThreadBroadcast
 .text.LWP_ThreadSignal
                0x0000000080015400       0x74 C:/devkitPro/libogc/lib/wii\libogc.a(lwp.o)
                0x0000000080015400                LWP_ThreadSignal
 .text.__lwp_stack_allocate
                0x0000000080015474       0x60 C:/devkitPro/libogc/lib/wii\libogc.a(lwp_stack.o)
                0x0000000080015474                __lwp_stack_allocate
 .text.__lwp_stack_free
                0x00000000800154d4       0x1c C:/devkitPro/libogc/lib/wii\libogc.a(lwp_stack.o)
                0x00000000800154d4                __lwp_stack_free
 .text.__lwp_mutex_initialize
                0x00000000800154f0       0xa4 C:/devkitPro/libogc/lib/wii\libogc.a(lwp_mutex.o)
                0x00000000800154f0                __lwp_mutex_initialize
 .text.__lwp_mutex_surrender
                0x0000000080015594      0x164 C:/devkitPro/libogc/lib/wii\libogc.a(lwp_mutex.o)
                0x0000000080015594                __lwp_mutex_surrender
 .text.__lwp_mutex_seize_irq_blocking
                0x00000000800156f8       0xf8 C:/devkitPro/libogc/lib/wii\libogc.a(lwp_mutex.o)
                0x00000000800156f8                __lwp_mutex_seize_irq_blocking
 .text.__lwp_mutex_flush
                0x00000000800157f0        0x4 C:/devkitPro/libogc/lib/wii\libogc.a(lwp_mutex.o)
                0x00000000800157f0                __lwp_mutex_flush
 .text.__lwp_wd_settimer
                0x00000000800157f4       0xe0 C:/devkitPro/libogc/lib/wii\libogc.a(lwp_watchdog.o)
 .text.__lwp_watchdog_init
                0x00000000800158d4       0x2c C:/devkitPro/libogc/lib/wii\libogc.a(lwp_watchdog.o)
                0x00000000800158d4                __lwp_watchdog_init
 .text.__lwp_wd_insert
                0x0000000080015900      0x194 C:/devkitPro/libogc/lib/wii\libogc.a(lwp_watchdog.o)
                0x0000000080015900                __lwp_wd_insert
 .text.__lwp_wd_remove
                0x0000000080015a94      0x138 C:/devkitPro/libogc/lib/wii\libogc.a(lwp_watchdog.o)
                0x0000000080015a94                __lwp_wd_remove
 .text.__lwp_wd_tickle
                0x0000000080015bcc      0x120 C:/devkitPro/libogc/lib/wii\libogc.a(lwp_watchdog.o)
                0x0000000080015bcc                __lwp_wd_tickle
 .text.__lwp_wkspace_init
                0x0000000080015cec       0xc0 C:/devkitPro/libogc/lib/wii\libogc.a(lwp_wkspace.o)
                0x0000000080015cec                __lwp_wkspace_init
 .text.__lwp_objmgr_initinfo
                0x0000000080015dac      0x1a0 C:/devkitPro/libogc/lib/wii\libogc.a(lwp_objmgr.o)
                0x0000000080015dac                __lwp_objmgr_initinfo
 .text.__lwp_objmgr_getisrdisable
                0x0000000080015f4c       0x60 C:/devkitPro/libogc/lib/wii\libogc.a(lwp_objmgr.o)
                0x0000000080015f4c                __lwp_objmgr_getisrdisable
 .text.__lwp_objmgr_getnoprotection
                0x0000000080015fac       0x24 C:/devkitPro/libogc/lib/wii\libogc.a(lwp_objmgr.o)
                0x0000000080015fac                __lwp_objmgr_getnoprotection
 .text.__lwp_objmgr_get
                0x0000000080015fd0       0x70 C:/devkitPro/libogc/lib/wii\libogc.a(lwp_objmgr.o)
                0x0000000080015fd0                __lwp_objmgr_get
 .text.__lwp_objmgr_allocate
                0x0000000080016040       0x88 C:/devkitPro/libogc/lib/wii\libogc.a(lwp_objmgr.o)
                0x0000000080016040                __lwp_objmgr_allocate
 .text.__lwp_objmgr_free
                0x00000000800160c8       0x60 C:/devkitPro/libogc/lib/wii\libogc.a(lwp_objmgr.o)
                0x00000000800160c8                __lwp_objmgr_free
 .text.__lwp_heap_init
                0x0000000080016128       0xa4 C:/devkitPro/libogc/lib/wii\libogc.a(lwp_heap.o)
                0x0000000080016128                __lwp_heap_init
 .text.__lwp_heap_allocate
                0x00000000800161cc      0x16c C:/devkitPro/libogc/lib/wii\libogc.a(lwp_heap.o)
                0x00000000800161cc                __lwp_heap_allocate
 .text.__lwp_heap_free
                0x0000000080016338      0x188 C:/devkitPro/libogc/lib/wii\libogc.a(lwp_heap.o)
                0x0000000080016338                __lwp_heap_free
 .text.__systemcall_init
                0x00000000800164c0       0x70 C:/devkitPro/libogc/lib/wii\libogc.a(exception.o)
                0x00000000800164c0                __systemcall_init
 .text.__exception_init
                0x0000000080016530      0x12c C:/devkitPro/libogc/lib/wii\libogc.a(exception.o)
                0x0000000080016530                __exception_init
 .text.__exception_close
                0x000000008001665c       0xac C:/devkitPro/libogc/lib/wii\libogc.a(exception.o)
                0x000000008001665c                __exception_close
 .text.__exception_closeall
                0x0000000080016708       0x80 C:/devkitPro/libogc/lib/wii\libogc.a(exception.o)
                0x0000000080016708                __exception_closeall
 .text.c_default_exceptionhandler
                0x0000000080016788      0x438 C:/devkitPro/libogc/lib/wii\libogc.a(exception.o)
                0x0000000080016788                c_default_exceptionhandler
 .text.__SetInterrupts
                0x0000000080016bc0      0x27c C:/devkitPro/libogc/lib/wii\libogc.a(irq.o)
 .text.c_irqdispatcher
                0x0000000080016e3c      0x28c C:/devkitPro/libogc/lib/wii\libogc.a(irq.o)
                0x0000000080016e3c                c_irqdispatcher
 .text.__UnmaskIrq
                0x00000000800170c8       0x84 C:/devkitPro/libogc/lib/wii\libogc.a(irq.o)
                0x00000000800170c8                __UnmaskIrq
 .text.__MaskIrq
                0x000000008001714c       0x84 C:/devkitPro/libogc/lib/wii\libogc.a(irq.o)
                0x000000008001714c                __MaskIrq
 .text.__irq_init
                0x00000000800171d0       0x9c C:/devkitPro/libogc/lib/wii\libogc.a(irq.o)
                0x00000000800171d0                __irq_init
 .text.IRQ_Request
                0x000000008001726c       0x50 C:/devkitPro/libogc/lib/wii\libogc.a(irq.o)
                0x000000008001726c                IRQ_Request
 .text.IRQ_GetHandler
                0x00000000800172bc       0x44 C:/devkitPro/libogc/lib/wii\libogc.a(irq.o)
                0x00000000800172bc                IRQ_GetHandler
 .text.__lwp_sema_init
                0x0000000080017300       0x14 C:/devkitPro/libogc/lib/wii\libogc.a(semaphore.o)
                0x0000000080017300                __lwp_sema_init
 .text.__exi_irq_handler
                0x0000000080017314       0x58 C:/devkitPro/libogc/lib/wii\libogc.a(exi.o)
 .text.__ext_irq_handler
                0x000000008001736c       0xc8 C:/devkitPro/libogc/lib/wii\libogc.a(exi.o)
 .text.__tc_irq_handler
                0x0000000080017434      0x174 C:/devkitPro/libogc/lib/wii\libogc.a(exi.o)
 .text.__exi_probe
                0x00000000800175a8      0x214 C:/devkitPro/libogc/lib/wii\libogc.a(exi.o)
 .text.__exi_attach
                0x00000000800177bc      0x104 C:/devkitPro/libogc/lib/wii\libogc.a(exi.o)
 .text.EXI_Lock
                0x00000000800178c0      0x218 C:/devkitPro/libogc/lib/wii\libogc.a(exi.o)
                0x00000000800178c0                EXI_Lock
 .text.EXI_Unlock
                0x0000000080017ad8      0x228 C:/devkitPro/libogc/lib/wii\libogc.a(exi.o)
                0x0000000080017ad8                EXI_Unlock
 .text.EXI_Select
                0x0000000080017d00      0x230 C:/devkitPro/libogc/lib/wii\libogc.a(exi.o)
                0x0000000080017d00                EXI_Select
 .text.EXI_Deselect
                0x0000000080017f30      0x174 C:/devkitPro/libogc/lib/wii\libogc.a(exi.o)
                0x0000000080017f30                EXI_Deselect
 .text.EXI_Sync
                0x00000000800180a4      0x108 C:/devkitPro/libogc/lib/wii\libogc.a(exi.o)
                0x00000000800180a4                EXI_Sync
 .text.EXI_Imm  0x00000000800181ac      0x1f4 C:/devkitPro/libogc/lib/wii\libogc.a(exi.o)
                0x00000000800181ac                EXI_Imm
 .text.EXI_ImmEx
                0x00000000800183a0       0xd8 C:/devkitPro/libogc/lib/wii\libogc.a(exi.o)
                0x00000000800183a0                EXI_ImmEx
 .text.EXI_Dma  0x0000000080018478      0x16c C:/devkitPro/libogc/lib/wii\libogc.a(exi.o)
                0x0000000080018478                EXI_Dma
 .text.EXI_Detach
                0x00000000800185e4       0xd4 C:/devkitPro/libogc/lib/wii\libogc.a(exi.o)
                0x00000000800185e4                EXI_Detach
 .text.EXI_GetID
                0x00000000800186b8      0x338 C:/devkitPro/libogc/lib/wii\libogc.a(exi.o)
                0x00000000800186b8                EXI_GetID
 .text.__unlocked_handler
                0x00000000800189f0       0x28 C:/devkitPro/libogc/lib/wii\libogc.a(exi.o)
 .text.EXI_ProbeReset
                0x0000000080018a18       0x70 C:/devkitPro/libogc/lib/wii\libogc.a(exi.o)
                0x0000000080018a18                EXI_ProbeReset
 .text.__exi_init
                0x0000000080018a88      0x18c C:/devkitPro/libogc/lib/wii\libogc.a(exi.o)
                0x0000000080018a88                __exi_init
 .text.__lwp_mutex_locksupp.constprop.0
                0x0000000080018c14      0x2ac C:/devkitPro/libogc/lib/wii\libogc.a(mutex.o)
 .text.__lwp_mutex_init
                0x0000000080018ec0       0x14 C:/devkitPro/libogc/lib/wii\libogc.a(mutex.o)
                0x0000000080018ec0                __lwp_mutex_init
 .text.LWP_MutexInit
                0x0000000080018ed4       0xe4 C:/devkitPro/libogc/lib/wii\libogc.a(mutex.o)
                0x0000000080018ed4                LWP_MutexInit
 .text.LWP_MutexDestroy
                0x0000000080018fb8       0xf0 C:/devkitPro/libogc/lib/wii\libogc.a(mutex.o)
                0x0000000080018fb8                LWP_MutexDestroy
 .text.LWP_MutexLock
                0x00000000800190a8        0x8 C:/devkitPro/libogc/lib/wii\libogc.a(mutex.o)
                0x00000000800190a8                LWP_MutexLock
 .text.LWP_MutexUnlock
                0x00000000800190b0       0x9c C:/devkitPro/libogc/lib/wii\libogc.a(mutex.o)
                0x00000000800190b0                LWP_MutexUnlock
 .text.__GX_InitRevBits
                0x000000008001914c       0x9c C:/devkitPro/libogc/lib/wii\libogc.a(gx.o)
 .text.GX_AbortFrame
                0x00000000800191e8      0x3c8 C:/devkitPro/libogc/lib/wii\libogc.a(gx.o)
                0x00000000800191e8                GX_AbortFrame
 .text.number   0x00000000800195b0      0x330 C:/devkitPro/libogc/lib/wii\libogc.a(kprintf.o)
 .text.kvsprintf
                0x00000000800198e0      0x788 C:/devkitPro/libogc/lib/wii\libogc.a(kprintf.o)
                0x00000000800198e0                kvsprintf
 .text.kprintf  0x000000008001a068       0xac C:/devkitPro/libogc/lib/wii\libogc.a(kprintf.o)
                0x000000008001a068                kprintf
 .text.__lwp_queue_initialize
                0x000000008001a114       0x98 C:/devkitPro/libogc/lib/wii\libogc.a(lwp_queue.o)
                0x000000008001a114                __lwp_queue_initialize
 .text.__lwp_queue_get
                0x000000008001a1ac       0x74 C:/devkitPro/libogc/lib/wii\libogc.a(lwp_queue.o)
                0x000000008001a1ac                __lwp_queue_get
 .text.__lwp_queue_append
                0x000000008001a220       0x4c C:/devkitPro/libogc/lib/wii\libogc.a(lwp_queue.o)
                0x000000008001a220                __lwp_queue_append
 .text.__udivdi3
                0x000000008001a26c      0x3bc c:/devkitpro/devkitppc/bin/../lib/gcc/powerpc-eabi/12.1.0\libgcc.a(_udivdi3.o)
                0x000000008001a26c                __udivdi3
 .text.__umoddi3
                0x000000008001a628      0x390 c:/devkitpro/devkitppc/bin/../lib/gcc/powerpc-eabi/12.1.0\libgcc.a(_umoddi3.o)
                0x000000008001a628                __umoddi3
 .text.unlikely.abort
                0x000000008001a9b8       0x28 c:/devkitpro/devkitppc/bin/../lib/gcc/powerpc-eabi/12.1.0/../../../../powerpc-eabi/lib\libsysbase.a(abort.o)
                0x000000008001a9b8                abort
 .text.null_write
                0x000000008001a9e0        0x8 c:/devkitpro/devkitppc/bin/../lib/gcc/powerpc-eabi/12.1.0/../../../../powerpc-eabi/lib\libsysbase.a(iosupport.o)
 .text.FindDevice
                0x000000008001a9e8      0x128 c:/devkitpro/devkitppc/bin/../lib/gcc/powerpc-eabi/12.1.0/../../../../powerpc-eabi/lib\libsysbase.a(iosupport.o)
                0x000000008001a9e8                FindDevice
 .text.RemoveDevice
                0x000000008001ab10       0x44 c:/devkitpro/devkitppc/bin/../lib/gcc/powerpc-eabi/12.1.0/../../../../powerpc-eabi/lib\libsysbase.a(iosupport.o)
                0x000000008001ab10                RemoveDevice
 .text.AddDevice
                0x000000008001ab54      0x114 c:/devkitpro/devkitppc/bin/../lib/gcc/powerpc-eabi/12.1.0/../../../../powerpc-eabi/lib\libsysbase.a(iosupport.o)
                0x000000008001ab54                AddDevice
 .text._exit    0x000000008001ac68       0x28 c:/devkitpro/devkitppc/bin/../lib/gcc/powerpc-eabi/12.1.0/../../../../powerpc-eabi/lib\libsysbase.a(_exit.o)
                0x000000008001ac68                _exit
 .text.build_argv
                0x000000008001ac90      0x118 c:/devkitpro/devkitppc/bin/../lib/gcc/powerpc-eabi/12.1.0/../../../../powerpc-eabi/lib\libsysbase.a(build_argv.o)
                0x000000008001ac90                build_argv
 .text.calloc   0x000000008001ada8       0x18 c:/devkitpro/devkitppc/bin/../lib/gcc/powerpc-eabi/12.1.0/../../../../powerpc-eabi/lib\libc.a(lib_a-calloc.o)
                0x000000008001ada8                calloc
 .text._calloc_r
                0x000000008001adc0      0x100 c:/devkitpro/devkitppc/bin/../lib/gcc/powerpc-eabi/12.1.0/../../../../powerpc-eabi/lib\libc.a(lib_a-callocr.o)
                0x000000008001adc0                _calloc_r
 .text.__errno  0x000000008001aec0        0xc c:/devkitpro/devkitppc/bin/../lib/gcc/powerpc-eabi/12.1.0/../../../../powerpc-eabi/lib\libc.a(lib_a-errno.o)
                0x000000008001aec0                __errno
 .text.exit     0x000000008001aecc       0x40 c:/devkitpro/devkitppc/bin/../lib/gcc/powerpc-eabi/12.1.0/../../../../powerpc-eabi/lib\libc.a(lib_a-exit.o)
                0x000000008001aecc                exit
 .text._malloc_trim_r
                0x000000008001af0c      0x138 c:/devkitpro/devkitppc/bin/../lib/gcc/powerpc-eabi/12.1.0/../../../../powerpc-eabi/lib\libc.a(lib_a-freer.o)
                0x000000008001af0c                _malloc_trim_r
 .text._free_r  0x000000008001b044      0x330 c:/devkitpro/devkitppc/bin/../lib/gcc/powerpc-eabi/12.1.0/../../../../powerpc-eabi/lib\libc.a(lib_a-freer.o)
                0x000000008001b044                _free_r
 .text.memalign
                0x000000008001b374       0x18 c:/devkitpro/devkitppc/bin/../lib/gcc/powerpc-eabi/12.1.0/../../../../powerpc-eabi/lib\libc.a(lib_a-malign.o)
                0x000000008001b374                memalign
 .text._memalign_r
                0x000000008001b38c      0x1dc c:/devkitpro/devkitppc/bin/../lib/gcc/powerpc-eabi/12.1.0/../../../../powerpc-eabi/lib\libc.a(lib_a-malignr.o)
                0x000000008001b38c                _memalign_r
 .text.malloc   0x000000008001b568       0x10 c:/devkitpro/devkitppc/bin/../lib/gcc/powerpc-eabi/12.1.0/../../../../powerpc-eabi/lib\libc.a(lib_a-malloc.o)
                0x000000008001b568                malloc
 .text.free     0x000000008001b578       0x10 c:/devkitpro/devkitppc/bin/../lib/gcc/powerpc-eabi/12.1.0/../../../../powerpc-eabi/lib\libc.a(lib_a-malloc.o)
                0x000000008001b578                free
 .text._malloc_r
                0x000000008001b588      0x860 c:/devkitpro/devkitppc/bin/../lib/gcc/powerpc-eabi/12.1.0/../../../../powerpc-eabi/lib\libc.a(lib_a-mallocr.o)
                0x000000008001b588                _malloc_r
 .text.memcmp   0x000000008001bde8       0xdc c:/devkitpro/devkitppc/bin/../lib/gcc/powerpc-eabi/12.1.0/../../../../powerpc-eabi/lib\libc.a(lib_a-memcmp.o)
                0x000000008001bde8                memcmp
 .text.memcpy   0x000000008001bec4      0x128 c:/devkitpro/devkitppc/bin/../lib/gcc/powerpc-eabi/12.1.0/../../../../powerpc-eabi/lib\libc.a(lib_a-memcpy.o)
                0x000000008001bec4                memcpy
 .text.memmove  0x000000008001bfec      0x1c0 c:/devkitpro/devkitppc/bin/../lib/gcc/powerpc-eabi/12.1.0/../../../../powerpc-eabi/lib\libc.a(lib_a-memmove.o)
                0x000000008001bfec                memmove
 .text.memset   0x000000008001c1ac      0x194 c:/devkitpro/devkitppc/bin/../lib/gcc/powerpc-eabi/12.1.0/../../../../powerpc-eabi/lib\libc.a(lib_a-memset.o)
                0x000000008001c1ac                memset
 .text.putchar  0x000000008001c340       0x14 c:/devkitpro/devkitppc/bin/../lib/gcc/powerpc-eabi/12.1.0/../../../../powerpc-eabi/lib\libc.a(lib_a-putchar.o)
                0x000000008001c340                putchar
 .text._putc_r  0x000000008001c354      0x140 c:/devkitpro/devkitppc/bin/../lib/gcc/powerpc-eabi/12.1.0/../../../../powerpc-eabi/lib\libc.a(lib_a-putc.o)
                0x000000008001c354                _putc_r
 .text._puts_r  0x000000008001c494      0x130 c:/devkitpro/devkitppc/bin/../lib/gcc/powerpc-eabi/12.1.0/../../../../powerpc-eabi/lib\libc.a(lib_a-puts.o)
                0x000000008001c494                _puts_r
 .text.puts     0x000000008001c5c4       0x10 c:/devkitpro/devkitppc/bin/../lib/gcc/powerpc-eabi/12.1.0/../../../../powerpc-eabi/lib\libc.a(lib_a-puts.o)
                0x000000008001c5c4                puts
 .text.cleanup_glue
                0x000000008001c5d4       0xac c:/devkitpro/devkitppc/bin/../lib/gcc/powerpc-eabi/12.1.0/../../../../powerpc-eabi/lib\libc.a(lib_a-reent.o)
                0x000000008001c5d4                cleanup_glue
 .text._reclaim_reent
                0x000000008001c680      0x14c c:/devkitpro/devkitppc/bin/../lib/gcc/powerpc-eabi/12.1.0/../../../../powerpc-eabi/lib\libc.a(lib_a-reent.o)
                0x000000008001c680                _reclaim_reent
 .text.setvbuf  0x000000008001c7cc      0x2c4 c:/devkitpro/devkitppc/bin/../lib/gcc/powerpc-eabi/12.1.0/../../../../powerpc-eabi/lib\libc.a(lib_a-setvbuf.o)
                0x000000008001c7cc                setvbuf
 .text.sprintf  0x000000008001ca90       0xc8 c:/devkitpro/devkitppc/bin/../lib/gcc/powerpc-eabi/12.1.0/../../../../powerpc-eabi/lib\libc.a(lib_a-sprintf.o)
                0x000000008001ca90                sprintf
 .text.strchr   0x000000008001cb58      0x154 c:/devkitpro/devkitppc/bin/../lib/gcc/powerpc-eabi/12.1.0/../../../../powerpc-eabi/lib\libc.a(lib_a-strchr.o)
                0x000000008001cb58                strchr
 .text.strcmp   0x000000008001ccac       0x9c c:/devkitpro/devkitppc/bin/../lib/gcc/powerpc-eabi/12.1.0/../../../../powerpc-eabi/lib\libc.a(lib_a-strcmp.o)
                0x000000008001ccac                strcmp
 .text.strlen   0x000000008001cd48       0x80 c:/devkitpro/devkitppc/bin/../lib/gcc/powerpc-eabi/12.1.0/../../../../powerpc-eabi/lib\libc.a(lib_a-strlen.o)
                0x000000008001cd48                strlen
 .text.strncmp  0x000000008001cdc8       0xcc c:/devkitpro/devkitppc/bin/../lib/gcc/powerpc-eabi/12.1.0/../../../../powerpc-eabi/lib\libc.a(lib_a-strncmp.o)
                0x000000008001cdc8                strncmp
 .text.strnlen  0x000000008001ce94       0xc8 c:/devkitpro/devkitppc/bin/../lib/gcc/powerpc-eabi/12.1.0/../../../../powerpc-eabi/lib\libc.a(lib_a-strnlen.o)
                0x000000008001ce94                strnlen
 .text._strtoull_l.constprop.0
                0x000000008001cf5c      0x2f4 c:/devkitpro/devkitppc/bin/../lib/gcc/powerpc-eabi/12.1.0/../../../../powerpc-eabi/lib\libc.a(lib_a-strtoull.o)
 .text._strtoull_r
                0x000000008001d250        0x4 c:/devkitpro/devkitppc/bin/../lib/gcc/powerpc-eabi/12.1.0/../../../../powerpc-eabi/lib\libc.a(lib_a-strtoull.o)
                0x000000008001d250                _strtoull_r
 .text._strtoul_l.constprop.0
                0x000000008001d254      0x210 c:/devkitpro/devkitppc/bin/../lib/gcc/powerpc-eabi/12.1.0/../../../../powerpc-eabi/lib\libc.a(lib_a-strtoul.o)
 .text._strtoul_r
                0x000000008001d464        0x4 c:/devkitpro/devkitppc/bin/../lib/gcc/powerpc-eabi/12.1.0/../../../../powerpc-eabi/lib\libc.a(lib_a-strtoul.o)
                0x000000008001d464                _strtoul_r
 .text._svfprintf_r
                0x000000008001d468     0x2eec c:/devkitpro/devkitppc/bin/../lib/gcc/powerpc-eabi/12.1.0/../../../../powerpc-eabi/lib\libc.a(lib_a-svfprintf.o)
                0x000000008001d468                _svfprintf_r
 .text.write    0x0000000080020354       0x20 c:/devkitpro/devkitppc/bin/../lib/gcc/powerpc-eabi/12.1.0/../../../../powerpc-eabi/lib\libc.a(lib_a-syswrite.o)
                0x0000000080020354                write
 .text.__swbuf_r
                0x0000000080020374      0x18c c:/devkitpro/devkitppc/bin/../lib/gcc/powerpc-eabi/12.1.0/../../../../powerpc-eabi/lib\libc.a(lib_a-wbuf.o)
                0x0000000080020374                __swbuf_r
 .text._wcrtomb_r
                0x0000000080020500       0xe4 c:/devkitpro/devkitppc/bin/../lib/gcc/powerpc-eabi/12.1.0/../../../../powerpc-eabi/lib\libc.a(lib_a-wcrtomb.o)
                0x0000000080020500                _wcrtomb_r
 .text._wcsrtombs_r
                0x00000000800205e4       0x10 c:/devkitpro/devkitppc/bin/../lib/gcc/powerpc-eabi/12.1.0/../../../../powerpc-eabi/lib\libc.a(lib_a-wcsrtombs.o)
                0x00000000800205e4                _wcsrtombs_r
 .text.__swsetup_r
                0x00000000800205f4      0x194 c:/devkitpro/devkitppc/bin/../lib/gcc/powerpc-eabi/12.1.0/../../../../powerpc-eabi/lib\libc.a(lib_a-wsetup.o)
                0x00000000800205f4                __swsetup_r
 .text.__call_exitprocs
                0x0000000080020788      0x1a4 c:/devkitpro/devkitppc/bin/../lib/gcc/powerpc-eabi/12.1.0/../../../../powerpc-eabi/lib\libc.a(lib_a-__call_atexit.o)
                0x0000000080020788                __call_exitprocs
 .text.quorem   0x000000008002092c      0x2ec c:/devkitpro/devkitppc/bin/../lib/gcc/powerpc-eabi/12.1.0/../../../../powerpc-eabi/lib\libc.a(lib_a-dtoa.o)
 .text._dtoa_r  0x0000000080020c18     0x13e4 c:/devkitpro/devkitppc/bin/../lib/gcc/powerpc-eabi/12.1.0/../../../../powerpc-eabi/lib\libc.a(lib_a-dtoa.o)
                0x0000000080020c18                _dtoa_r
 .text.__sflush_r
                0x0000000080021ffc      0x2f4 c:/devkitpro/devkitppc/bin/../lib/gcc/powerpc-eabi/12.1.0/../../../../powerpc-eabi/lib\libc.a(lib_a-fflush.o)
                0x0000000080021ffc                __sflush_r
 .text._fflush_r
                0x00000000800222f0      0x108 c:/devkitpro/devkitppc/bin/../lib/gcc/powerpc-eabi/12.1.0/../../../../powerpc-eabi/lib\libc.a(lib_a-fflush.o)
                0x00000000800222f0                _fflush_r
 .text._cleanup_r
                0x00000000800223f8        0xc c:/devkitpro/devkitppc/bin/../lib/gcc/powerpc-eabi/12.1.0/../../../../powerpc-eabi/lib\libc.a(lib_a-findfp.o)
                0x00000000800223f8                _cleanup_r
 .text.__sinit  0x0000000080022404      0x1f8 c:/devkitpro/devkitppc/bin/../lib/gcc/powerpc-eabi/12.1.0/../../../../powerpc-eabi/lib\libc.a(lib_a-findfp.o)
                0x0000000080022404                __sinit
 .text.__sfp_lock_acquire
                0x00000000800225fc       0x58 c:/devkitpro/devkitppc/bin/../lib/gcc/powerpc-eabi/12.1.0/../../../../powerpc-eabi/lib\libc.a(lib_a-findfp.o)
                0x00000000800225fc                __sfp_lock_acquire
 .text.__sfp_lock_release
                0x0000000080022654        0xc c:/devkitpro/devkitppc/bin/../lib/gcc/powerpc-eabi/12.1.0/../../../../powerpc-eabi/lib\libc.a(lib_a-findfp.o)
                0x0000000080022654                __sfp_lock_release
 .text.__sfvwrite_r
                0x0000000080022660      0x5b0 c:/devkitpro/devkitppc/bin/../lib/gcc/powerpc-eabi/12.1.0/../../../../powerpc-eabi/lib\libc.a(lib_a-fvwrite.o)
                0x0000000080022660                __sfvwrite_r
 .text._fwalk_reent
                0x0000000080022c10       0xb4 c:/devkitpro/devkitppc/bin/../lib/gcc/powerpc-eabi/12.1.0/../../../../powerpc-eabi/lib\libc.a(lib_a-fwalk.o)
                0x0000000080022c10                _fwalk_reent
 .text._localeconv_r
                0x0000000080022cc4       0x2c c:/devkitpro/devkitppc/bin/../lib/gcc/powerpc-eabi/12.1.0/../../../../powerpc-eabi/lib\libc.a(lib_a-localeconv.o)
                0x0000000080022cc4                _localeconv_r
 .text.__locale_mb_cur_max
                0x0000000080022cf0       0x2c c:/devkitpro/devkitppc/bin/../lib/gcc/powerpc-eabi/12.1.0/../../../../powerpc-eabi/lib\libc.a(lib_a-locale.o)
                0x0000000080022cf0                __locale_mb_cur_max
 .text.__smakebuf_r
                0x0000000080022d1c      0x188 c:/devkitpro/devkitppc/bin/../lib/gcc/powerpc-eabi/12.1.0/../../../../powerpc-eabi/lib\libc.a(lib_a-makebuf.o)
                0x0000000080022d1c                __smakebuf_r
 .text.__swhatbuf_r
                0x0000000080022ea4       0xe0 c:/devkitpro/devkitppc/bin/../lib/gcc/powerpc-eabi/12.1.0/../../../../powerpc-eabi/lib\libc.a(lib_a-makebuf.o)
                0x0000000080022ea4                __swhatbuf_r
 .text.__utf8_mbtowc
                0x0000000080022f84      0x300 c:/devkitpro/devkitppc/bin/../lib/gcc/powerpc-eabi/12.1.0/../../../../powerpc-eabi/lib\libc.a(lib_a-mbtowc_r.o)
                0x0000000080022f84                __utf8_mbtowc
 .text.memchr   0x0000000080023284      0x1b4 c:/devkitpro/devkitppc/bin/../lib/gcc/powerpc-eabi/12.1.0/../../../../powerpc-eabi/lib\libc.a(lib_a-memchr.o)
                0x0000000080023284                memchr
 .text._Balloc  0x0000000080023438       0xe0 c:/devkitpro/devkitppc/bin/../lib/gcc/powerpc-eabi/12.1.0/../../../../powerpc-eabi/lib\libc.a(lib_a-mprec.o)
                0x0000000080023438                _Balloc
 .text._Bfree   0x0000000080023518       0x24 c:/devkitpro/devkitppc/bin/../lib/gcc/powerpc-eabi/12.1.0/../../../../powerpc-eabi/lib\libc.a(lib_a-mprec.o)
                0x0000000080023518                _Bfree
 .text.__multadd
                0x000000008002353c      0x158 c:/devkitpro/devkitppc/bin/../lib/gcc/powerpc-eabi/12.1.0/../../../../powerpc-eabi/lib\libc.a(lib_a-mprec.o)
                0x000000008002353c                __multadd
 .text.__hi0bits
                0x0000000080023694       0x7c c:/devkitpro/devkitppc/bin/../lib/gcc/powerpc-eabi/12.1.0/../../../../powerpc-eabi/lib\libc.a(lib_a-mprec.o)
                0x0000000080023694                __hi0bits
 .text.__lo0bits
                0x0000000080023710       0xb4 c:/devkitpro/devkitppc/bin/../lib/gcc/powerpc-eabi/12.1.0/../../../../powerpc-eabi/lib\libc.a(lib_a-mprec.o)
                0x0000000080023710                __lo0bits
 .text.__i2b    0x00000000800237c4      0x108 c:/devkitpro/devkitppc/bin/../lib/gcc/powerpc-eabi/12.1.0/../../../../powerpc-eabi/lib\libc.a(lib_a-mprec.o)
                0x00000000800237c4                __i2b
 .text.__multiply
                0x00000000800238cc      0x308 c:/devkitpro/devkitppc/bin/../lib/gcc/powerpc-eabi/12.1.0/../../../../powerpc-eabi/lib\libc.a(lib_a-mprec.o)
                0x00000000800238cc                __multiply
 .text.__pow5mult
                0x0000000080023bd4      0x17c c:/devkitpro/devkitppc/bin/../lib/gcc/powerpc-eabi/12.1.0/../../../../powerpc-eabi/lib\libc.a(lib_a-mprec.o)
                0x0000000080023bd4                __pow5mult
 .text.__lshift
                0x0000000080023d50      0x250 c:/devkitpro/devkitppc/bin/../lib/gcc/powerpc-eabi/12.1.0/../../../../powerpc-eabi/lib\libc.a(lib_a-mprec.o)
                0x0000000080023d50                __lshift
 .text.__mcmp   0x0000000080023fa0       0xe0 c:/devkitpro/devkitppc/bin/../lib/gcc/powerpc-eabi/12.1.0/../../../../powerpc-eabi/lib\libc.a(lib_a-mprec.o)
                0x0000000080023fa0                __mcmp
 .text.__mdiff  0x0000000080024080      0x2ec c:/devkitpro/devkitppc/bin/../lib/gcc/powerpc-eabi/12.1.0/../../../../powerpc-eabi/lib\libc.a(lib_a-mprec.o)
                0x0000000080024080                __mdiff
 .text.__d2b    0x000000008002436c      0x1a0 c:/devkitpro/devkitppc/bin/../lib/gcc/powerpc-eabi/12.1.0/../../../../powerpc-eabi/lib\libc.a(lib_a-mprec.o)
                0x000000008002436c                __d2b
 .text._realloc_r
                0x000000008002450c      0x584 c:/devkitpro/devkitppc/bin/../lib/gcc/powerpc-eabi/12.1.0/../../../../powerpc-eabi/lib\libc.a(lib_a-reallocr.o)
                0x000000008002450c                _realloc_r
 .text.frexp    0x0000000080024a90       0x90 c:/devkitpro/devkitppc/bin/../lib/gcc/powerpc-eabi/12.1.0/../../../../powerpc-eabi/lib\libc.a(lib_a-s_frexp.o)
                0x0000000080024a90                frexp
 .text.__sread  0x0000000080024b20       0x74 c:/devkitpro/devkitppc/bin/../lib/gcc/powerpc-eabi/12.1.0/../../../../powerpc-eabi/lib\libc.a(lib_a-stdio.o)
                0x0000000080024b20                __sread
 .text.__swrite
                0x0000000080024b94       0xb8 c:/devkitpro/devkitppc/bin/../lib/gcc/powerpc-eabi/12.1.0/../../../../powerpc-eabi/lib\libc.a(lib_a-stdio.o)
                0x0000000080024b94                __swrite
 .text.__sseek  0x0000000080024c4c       0x70 c:/devkitpro/devkitppc/bin/../lib/gcc/powerpc-eabi/12.1.0/../../../../powerpc-eabi/lib\libc.a(lib_a-stdio.o)
                0x0000000080024c4c                __sseek
 .text.__sclose
                0x0000000080024cbc        0x8 c:/devkitpro/devkitppc/bin/../lib/gcc/powerpc-eabi/12.1.0/../../../../powerpc-eabi/lib\libc.a(lib_a-stdio.o)
                0x0000000080024cbc                __sclose
 .text.strncpy  0x0000000080024cc4      0x108 c:/devkitpro/devkitppc/bin/../lib/gcc/powerpc-eabi/12.1.0/../../../../powerpc-eabi/lib\libc.a(lib_a-strncpy.o)
                0x0000000080024cc4                strncpy
 .text.__ssprint_r
                0x0000000080024dcc      0x260 c:/devkitpro/devkitppc/bin/../lib/gcc/powerpc-eabi/12.1.0/../../../../powerpc-eabi/lib\libc.a(lib_a-svfiprintf.o)
                0x0000000080024dcc                __ssprint_r
 .text.__sprint_r.part.0
                0x000000008002502c      0x148 c:/devkitpro/devkitppc/bin/../lib/gcc/powerpc-eabi/12.1.0/../../../../powerpc-eabi/lib\libc.a(lib_a-vfiprintf.o)
 .text._vfiprintf_r
                0x0000000080025174     0x1ca8 c:/devkitpro/devkitppc/bin/../lib/gcc/powerpc-eabi/12.1.0/../../../../powerpc-eabi/lib\libc.a(lib_a-vfiprintf.o)
                0x0000000080025174                _vfiprintf_r
 .text.__sbprintf
                0x0000000080026e1c      0x100 c:/devkitpro/devkitppc/bin/../lib/gcc/powerpc-eabi/12.1.0/../../../../powerpc-eabi/lib\libc.a(lib_a-vfiprintf.o)
 .text._wcsnrtombs_l
                0x0000000080026f1c      0x214 c:/devkitpro/devkitppc/bin/../lib/gcc/powerpc-eabi/12.1.0/../../../../powerpc-eabi/lib\libc.a(lib_a-wcsnrtombs.o)
                0x0000000080026f1c                _wcsnrtombs_l
 .text._wcsnrtombs_r
                0x0000000080027130       0x24 c:/devkitpro/devkitppc/bin/../lib/gcc/powerpc-eabi/12.1.0/../../../../powerpc-eabi/lib\libc.a(lib_a-wcsnrtombs.o)
                0x0000000080027130                _wcsnrtombs_r
 .text.__utf8_wctomb
                0x0000000080027154      0x108 c:/devkitpro/devkitppc/bin/../lib/gcc/powerpc-eabi/12.1.0/../../../../powerpc-eabi/lib\libc.a(lib_a-wctomb_r.o)
                0x0000000080027154                __utf8_wctomb
 .text.__assert_func
                0x000000008002725c       0x58 c:/devkitpro/devkitppc/bin/../lib/gcc/powerpc-eabi/12.1.0/../../../../powerpc-eabi/lib\libc.a(lib_a-assert.o)
                0x000000008002725c                __assert_func
 .text._fclose_r
                0x00000000800272b4      0x1ec c:/devkitpro/devkitppc/bin/../lib/gcc/powerpc-eabi/12.1.0/../../../../powerpc-eabi/lib\libc.a(lib_a-fclose.o)
                0x00000000800272b4                _fclose_r
 .text.fiprintf
                0x00000000800274a0       0x94 c:/devkitpro/devkitppc/bin/../lib/gcc/powerpc-eabi/12.1.0/../../../../powerpc-eabi/lib\libc.a(lib_a-fiprintf.o)
                0x00000000800274a0                fiprintf
 .text.__fputwc
                0x0000000080027534      0x170 c:/devkitpro/devkitppc/bin/../lib/gcc/powerpc-eabi/12.1.0/../../../../powerpc-eabi/lib\libc.a(lib_a-fputwc.o)
                0x0000000080027534                __fputwc
 .text._fputwc_r
                0x00000000800276a4       0xd0 c:/devkitpro/devkitppc/bin/../lib/gcc/powerpc-eabi/12.1.0/../../../../powerpc-eabi/lib\libc.a(lib_a-fputwc.o)
                0x00000000800276a4                _fputwc_r
 .text._close_r
                0x0000000080027774       0xec c:/devkitpro/devkitppc/bin/../lib/gcc/powerpc-eabi/12.1.0/../../../../powerpc-eabi/lib\libsysbase.a(close.o)
                0x0000000080027774                _close_r
 .text._fstat_r
                0x0000000080027860       0xb0 c:/devkitpro/devkitppc/bin/../lib/gcc/powerpc-eabi/12.1.0/../../../../powerpc-eabi/lib\libsysbase.a(fstat.o)
                0x0000000080027860                _fstat_r
 .text._isatty_r
                0x0000000080027910        0x8 c:/devkitpro/devkitppc/bin/../lib/gcc/powerpc-eabi/12.1.0/../../../../powerpc-eabi/lib\libsysbase.a(isatty.o)
                0x0000000080027910                _isatty_r
 .text._lseek_r
                0x0000000080027918       0xe0 c:/devkitpro/devkitppc/bin/../lib/gcc/powerpc-eabi/12.1.0/../../../../powerpc-eabi/lib\libsysbase.a(lseek.o)
                0x0000000080027918                _lseek_r
 .text._read_r  0x00000000800279f8       0xc4 c:/devkitpro/devkitppc/bin/../lib/gcc/powerpc-eabi/12.1.0/../../../../powerpc-eabi/lib\libsysbase.a(read.o)
                0x00000000800279f8                _read_r
 .text._sbrk_r  0x0000000080027abc       0x28 c:/devkitpro/devkitppc/bin/../lib/gcc/powerpc-eabi/12.1.0/../../../../powerpc-eabi/lib\libsysbase.a(sbrk.o)
                0x0000000080027abc                _sbrk_r
 .text._write_r
                0x0000000080027ae4       0xc4 c:/devkitpro/devkitppc/bin/../lib/gcc/powerpc-eabi/12.1.0/../../../../powerpc-eabi/lib\libsysbase.a(write.o)
                0x0000000080027ae4                _write_r
 .text.__flockfile
                0x0000000080027ba8       0x54 c:/devkitpro/devkitppc/bin/../lib/gcc/powerpc-eabi/12.1.0/../../../../powerpc-eabi/lib\libsysbase.a(flock.o)
                0x0000000080027ba8                __flockfile
 .text.__funlockfile
                0x0000000080027bfc        0x8 c:/devkitpro/devkitppc/bin/../lib/gcc/powerpc-eabi/12.1.0/../../../../powerpc-eabi/lib\libsysbase.a(flock.o)
                0x0000000080027bfc                __funlockfile
 .text.__release_handle
                0x0000000080027c04       0xe4 c:/devkitpro/devkitppc/bin/../lib/gcc/powerpc-eabi/12.1.0/../../../../powerpc-eabi/lib\libsysbase.a(handle_manager.o)
                0x0000000080027c04                __release_handle
 .text.__get_handle
                0x0000000080027ce8       0x24 c:/devkitpro/devkitppc/bin/../lib/gcc/powerpc-eabi/12.1.0/../../../../powerpc-eabi/lib\libsysbase.a(handle_manager.o)
                0x0000000080027ce8                __get_handle
 .text.__libc_lock_init
                0x0000000080027d0c       0x1c c:/devkitpro/devkitppc/bin/../lib/gcc/powerpc-eabi/12.1.0/../../../../powerpc-eabi/lib\libsysbase.a(syscall_support.o)
                0x0000000080027d0c                __libc_lock_init
 .text.__libc_lock_close
                0x0000000080027d28       0x1c c:/devkitpro/devkitppc/bin/../lib/gcc/powerpc-eabi/12.1.0/../../../../powerpc-eabi/lib\libsysbase.a(syscall_support.o)
                0x0000000080027d28                __libc_lock_close
 .text.__libc_lock_release
                0x0000000080027d44       0x1c c:/devkitpro/devkitppc/bin/../lib/gcc/powerpc-eabi/12.1.0/../../../../powerpc-eabi/lib\libsysbase.a(syscall_support.o)
                0x0000000080027d44                __libc_lock_release
 .text.__libc_lock_acquire
                0x0000000080027d60       0x1c c:/devkitpro/devkitppc/bin/../lib/gcc/powerpc-eabi/12.1.0/../../../../powerpc-eabi/lib\libsysbase.a(syscall_support.o)
                0x0000000080027d60                __libc_lock_acquire
 .text.__malloc_lock
                0x0000000080027d7c       0x14 c:/devkitpro/devkitppc/bin/../lib/gcc/powerpc-eabi/12.1.0/../../../../powerpc-eabi/lib\libsysbase.a(syscall_support.o)
                0x0000000080027d7c                __malloc_lock
 .text.__malloc_unlock
                0x0000000080027d90       0x14 c:/devkitpro/devkitppc/bin/../lib/gcc/powerpc-eabi/12.1.0/../../../../powerpc-eabi/lib\libsysbase.a(syscall_support.o)
                0x0000000080027d90                __malloc_unlock
 .text.__do_global_ctors_aux
                0x0000000080027da4       0x50 c:/devkitpro/devkitppc/bin/../lib/gcc/powerpc-eabi/12.1.0/crtend.o
 *(.gnu.warning)
 *(.gnu.linkonce.t.*)
                0x0000000080027e00                . = ALIGN (0x20)
 *fill*         0x0000000080027df4        0xc 00000000

.glink          0x0000000080027e00        0x0
 .glink         0x0000000080027e00        0x0 c:/devkitpro/devkitppc/bin/../lib/gcc/powerpc-eabi/12.1.0/crtbegin.o

.fini           0x0000000080027e00       0x20
 *(.fini)
 .fini          0x0000000080027e00        0xc c:/devkitpro/devkitppc/bin/../lib/gcc/powerpc-eabi/12.1.0/ecrti.o
                0x0000000080027e00                __fini
 .fini          0x0000000080027e0c        0x4 c:/devkitpro/devkitppc/bin/../lib/gcc/powerpc-eabi/12.1.0/crtbegin.o
 .fini          0x0000000080027e10       0x10 c:/devkitpro/devkitppc/bin/../lib/gcc/powerpc-eabi/12.1.0/ecrtn.o
                0x0000000080027e20                . = ALIGN (0x20)
                [!provide]                        PROVIDE (__etext = .)
                [!provide]                        PROVIDE (_etext = .)
                [!provide]                        PROVIDE (etext = .)

.rodata         0x0000000080027e20     0x166f
 *(.rodata)
 .rodata        0x0000000080027e20       0x21 C:/devkitPro/libogc/lib/wii\libogc.a(video.o)
 *(.rodata.*)
 *fill*         0x0000000080027e41        0x3 
 .rodata.main.str1.4
                0x0000000080027e44       0x9e main.o
 *fill*         0x0000000080027ee2        0x2 
 .rodata.__console_write
                0x0000000080027ee4       0xec C:/devkitPro/libogc/lib/wii\libogc.a(console.o)
 .rodata.str1.4
                0x0000000080027fd0        0x7 C:/devkitPro/libogc/lib/wii\libogc.a(console.o)
 *fill*         0x0000000080027fd7        0x1 
 .rodata.color_table
                0x0000000080027fd8       0x40 C:/devkitPro/libogc/lib/wii\libogc.a(console.o)
 .rodata.dotab_stdout
                0x0000000080028018       0x70 C:/devkitPro/libogc/lib/wii\libogc.a(console.o)
                0x0000000080028018                dotab_stdout
 .rodata.CSWTCH.166
                0x0000000080028088       0x5c C:/devkitPro/libogc/lib/wii\libogc.a(video.o)
 .rodata.CSWTCH.209
                0x00000000800280e4       0x18 C:/devkitPro/libogc/lib/wii\libogc.a(video.o)
 .rodata.video_timing
                0x00000000800280fc      0x110 C:/devkitPro/libogc/lib/wii\libogc.a(video.o)
 .rodata.SYS_ResetSystem
                0x000000008002820c       0x1c C:/devkitPro/libogc/lib/wii\libogc.a(system.o)
 .rodata._dsp_initcode
                0x0000000080028228       0x80 C:/devkitPro/libogc/lib/wii\libogc.a(system.o)
 .rodata.__ios_ioctlvformat_parse
                0x00000000800282a8       0xc8 C:/devkitPro/libogc/lib/wii\libogc.a(ipc.o)
 .rodata._ES_seek_r.str1.4
                0x0000000080028370        0x5 C:/devkitPro/libogc/lib/wii\libogc.a(es.o)
 *fill*         0x0000000080028375        0x3 
 .rodata._ES_close_r.str1.4
                0x0000000080028378        0x3 C:/devkitPro/libogc/lib/wii\libogc.a(es.o)
 *fill*         0x000000008002837b        0x1 
 .rodata.__ES_Close.str1.4
                0x000000008002837c        0x4 C:/devkitPro/libogc/lib/wii\libogc.a(es.o)
 .rodata.ES_GetTitleID.str1.4
                0x0000000080028380        0x3 C:/devkitPro/libogc/lib/wii\libogc.a(es.o)
 *fill*         0x0000000080028383        0x1 
 .rodata.ES_GetNumTicketViews.str1.4
                0x0000000080028384        0x4 C:/devkitPro/libogc/lib/wii\libogc.a(es.o)
 .rodata.ES_GetTicketViews.str1.4
                0x0000000080028388        0x5 C:/devkitPro/libogc/lib/wii\libogc.a(es.o)
 *fill*         0x000000008002838d        0x3 
 .rodata.ES_GetOwnedTitles.str1.4
                0x0000000080028390        0x4 C:/devkitPro/libogc/lib/wii\libogc.a(es.o)
 .rodata._ES_open_r.str1.4
                0x0000000080028394        0x5 C:/devkitPro/libogc/lib/wii\libogc.a(es.o)
 *fill*         0x0000000080028399        0x3 
 .rodata.str1.4